
------------------------------------------------------------------------------------------------

17:44:01 13/01/21

========================auditctl -s==============================================
enabled 1
failure 1
pid 1573
rate_limit 0
backlog_limit 8192
lost 0
backlog 0
backlog_wait_time 0
loginuid_immutable 0 unlocked
========================audit status==============================================
● auditd.service - Security Auditing Service
     Loaded: loaded (/lib/systemd/system/auditd.service; enabled; vendor preset: enabled)
     Active: active (running) since Wed 2021-01-13 17:41:27 PKT; 2min 34s ago
       Docs: man:auditd(8)
             https://github.com/linux-audit/audit-documentation
    Process: 1571 ExecStart=/sbin/auditd (code=exited, status=0/SUCCESS)
    Process: 1583 ExecStartPost=/sbin/augenrules --load (code=exited, status=0/SUCCESS)
   Main PID: 1573 (auditd)
      Tasks: 2 (limit: 2317)
     Memory: 2.4M
     CGroup: /system.slice/auditd.service
             └─1573 /sbin/auditd

جنوری 13 17:41:27 fuzzer-VirtualBox augenrules[1596]: backlog_wait_time 0
جنوری 13 17:41:27 fuzzer-VirtualBox augenrules[1596]: enabled 1
جنوری 13 17:41:27 fuzzer-VirtualBox augenrules[1596]: failure 1
جنوری 13 17:41:27 fuzzer-VirtualBox augenrules[1596]: pid 1573
جنوری 13 17:41:27 fuzzer-VirtualBox augenrules[1596]: rate_limit 0
جنوری 13 17:41:27 fuzzer-VirtualBox augenrules[1596]: backlog_limit 8192
جنوری 13 17:41:27 fuzzer-VirtualBox augenrules[1596]: lost 0
جنوری 13 17:41:27 fuzzer-VirtualBox augenrules[1596]: backlog 2052
جنوری 13 17:41:27 fuzzer-VirtualBox augenrules[1596]: backlog_wait_time 0
جنوری 13 17:41:27 fuzzer-VirtualBox systemd[1]: Started Security Auditing Service.
========================dmesg==============================================

------------------------------------------------------------------------------------------------

17:48:01 13/01/21

========================auditctl -s==============================================
enabled 1
failure 1
pid 305
rate_limit 0
backlog_limit 8192
lost 0
backlog 0
backlog_wait_time 0
loginuid_immutable 0 unlocked
========================audit status==============================================
● auditd.service - Security Auditing Service
     Loaded: loaded (/lib/systemd/system/auditd.service; enabled; vendor preset: enabled)
     Active: active (running) since Wed 2021-01-13 17:47:27 PKT; 34s ago
       Docs: man:auditd(8)
             https://github.com/linux-audit/audit-documentation
    Process: 303 ExecStart=/sbin/auditd (code=exited, status=0/SUCCESS)
    Process: 310 ExecStartPost=/sbin/augenrules --load (code=exited, status=0/SUCCESS)
   Main PID: 305 (auditd)
     CGroup: /system.slice/auditd.service
             └─305 /sbin/auditd

جنوری 13 17:47:28 fuzzer-VirtualBox augenrules[320]: backlog_wait_time 60000
جنوری 13 17:47:28 fuzzer-VirtualBox augenrules[320]: enabled 1
جنوری 13 17:47:28 fuzzer-VirtualBox augenrules[320]: failure 1
جنوری 13 17:47:28 fuzzer-VirtualBox augenrules[320]: pid 305
جنوری 13 17:47:28 fuzzer-VirtualBox augenrules[320]: rate_limit 0
جنوری 13 17:47:28 fuzzer-VirtualBox augenrules[320]: backlog_limit 8192
جنوری 13 17:47:28 fuzzer-VirtualBox augenrules[320]: lost 0
جنوری 13 17:47:28 fuzzer-VirtualBox augenrules[320]: backlog 0
جنوری 13 17:47:28 fuzzer-VirtualBox augenrules[320]: backlog_wait_time 0
جنوری 13 17:47:27 fuzzer-VirtualBox systemd[1]: Started Security Auditing Service.
========================dmesg==============================================
[    0.000000] Linux version 5.10.0-rc1+ (root@fuzzing) (gcc (Ubuntu 8.4.0-1ubuntu1~16.04.1) 8.4.0, GNU ld (GNU Binutils for Ubuntu) 2.26.1) #3 SMP Wed Jan 6 13:02:26 UTC 2021
[    0.000000] Command line: earlyprintk=serial oops=panic nmi_watchdog=panic panic_on_warn=0 panic=1 ftrace_dump_on_oops=orig_cpu rodata=n vsyscall=native net.ifnames=0 biosdevname=0 root=/dev/sda console=ttyS0 kvm-intel.nested=1 kvm-intel.unrestricted_guest=1 kvm-intel.vmm_exclusive=1 kvm-intel.fasteoi=1 kvm-intel.ept=1 kvm-intel.flexpriority=1 kvm-intel.vpid=1 kvm-intel.emulate_invalid_guest_state=1 kvm-intel.eptad=1 kvm-intel.enable_shadow_vmcs=1 kvm-intel.pml=1 kvm-intel.enable_apicv=1 root=/dev/sda5 panic_on_warn=0
[    0.000000] x86/fpu: Supporting XSAVE feature 0x001: 'x87 floating point registers'
[    0.000000] x86/fpu: Supporting XSAVE feature 0x002: 'SSE registers'
[    0.000000] x86/fpu: Supporting XSAVE feature 0x004: 'AVX registers'
[    0.000000] x86/fpu: xstate_offset[2]:  576, xstate_sizes[2]:  256
[    0.000000] x86/fpu: Enabled xstate features 0x7, context size is 832 bytes, using 'standard' format.
[    0.000000] BIOS-provided physical RAM map:
[    0.000000] BIOS-e820: [mem 0x0000000000000000-0x000000000009fbff] usable
[    0.000000] BIOS-e820: [mem 0x000000000009fc00-0x000000000009ffff] reserved
[    0.000000] BIOS-e820: [mem 0x00000000000f0000-0x00000000000fffff] reserved
[    0.000000] BIOS-e820: [mem 0x0000000000100000-0x00000000bffdffff] usable
[    0.000000] BIOS-e820: [mem 0x00000000bffe0000-0x00000000bfffffff] reserved
[    0.000000] BIOS-e820: [mem 0x00000000feffc000-0x00000000feffffff] reserved
[    0.000000] BIOS-e820: [mem 0x00000000fffc0000-0x00000000ffffffff] reserved
[    0.000000] BIOS-e820: [mem 0x0000000100000000-0x000000013cffffff] usable
[    0.000000] printk: bootconsole [earlyser0] enabled
[    0.000000] ERROR: earlyprintk= earlyser already used
[    0.000000] Malformed early option 'vsyscall'
[    0.000000] NX (Execute Disable) protection: active
[    0.000000] SMBIOS 2.8 present.
[    0.000000] DMI: QEMU Standard PC (i440FX + PIIX, 1996), BIOS Ubuntu-1.8.2-1ubuntu1 04/01/2014
[    0.000000] tsc: Fast TSC calibration failed
[    0.000000] e820: update [mem 0x00000000-0x00000fff] usable ==> reserved
[    0.000000] e820: remove [mem 0x000a0000-0x000fffff] usable
[    0.000000] last_pfn = 0x13d000 max_arch_pfn = 0x400000000
[    0.000000] MTRR default type: write-back
[    0.000000] MTRR fixed ranges enabled:
[    0.000000]   00000-9FFFF write-back
[    0.000000]   A0000-BFFFF uncachable
[    0.000000]   C0000-FFFFF write-protect
[    0.000000] MTRR variable ranges enabled:
[    0.000000]   0 base 00C0000000 mask FFC0000000 uncachable
[    0.000000]   1 disabled
[    0.000000]   2 disabled
[    0.000000]   3 disabled
[    0.000000]   4 disabled
[    0.000000]   5 disabled
[    0.000000]   6 disabled
[    0.000000]   7 disabled
[    0.000000] x86/PAT: Configuration [0-7]: WB  WC  UC- UC  WB  WP  UC- WT  
[    0.000000] last_pfn = 0xbffe0 max_arch_pfn = 0x400000000
[    0.000000] found SMP MP-table at [mem 0x000f6620-0x000f662f]
[    0.000000] check: Scanning 1 areas for low memory corruption
[    0.000000] RAMDISK: [mem 0x7d0d0000-0x7fffffff]
[    0.000000] ACPI: Early table checksum verification disabled
[    0.000000] ACPI: RSDP 0x00000000000F63D0 000014 (v00 BOCHS )
[    0.000000] ACPI: RSDT 0x00000000BFFE1737 000034 (v01 BOCHS  BXPCRSDT 00000001 BXPC 00000001)
[    0.000000] ACPI: FACP 0x00000000BFFE0C14 000074 (v01 BOCHS  BXPCFACP 00000001 BXPC 00000001)
[    0.000000] ACPI: DSDT 0x00000000BFFE0040 000BD4 (v01 BOCHS  BXPCDSDT 00000001 BXPC 00000001)
[    0.000000] ACPI: FACS 0x00000000BFFE0000 000040
[    0.000000] ACPI: SSDT 0x00000000BFFE0C88 0009F7 (v01 BOCHS  BXPCSSDT 00000001 BXPC 00000001)
[    0.000000] ACPI: APIC 0x00000000BFFE167F 000080 (v01 BOCHS  BXPCAPIC 00000001 BXPC 00000001)
[    0.000000] ACPI: HPET 0x00000000BFFE16FF 000038 (v01 BOCHS  BXPCHPET 00000001 BXPC 00000001)
[    0.000000] ACPI: Local APIC address 0xfee00000
[    0.000000] No NUMA configuration found
[    0.000000] Faking a node at [mem 0x0000000000000000-0x000000013cffffff]
[    0.000000] NODE_DATA(0) allocated [mem 0x13cffc000-0x13cffffff]
[    0.000000] Zone ranges:
[    0.000000]   DMA      [mem 0x0000000000001000-0x0000000000ffffff]
[    0.000000]   DMA32    [mem 0x0000000001000000-0x00000000ffffffff]
[    0.000000]   Normal   [mem 0x0000000100000000-0x000000013cffffff]
[    0.000000] Movable zone start for each node
[    0.000000] Early memory node ranges
[    0.000000]   node   0: [mem 0x0000000000001000-0x000000000009efff]
[    0.000000]   node   0: [mem 0x0000000000100000-0x00000000bffdffff]
[    0.000000]   node   0: [mem 0x0000000100000000-0x000000013cffffff]
[    0.000000] Zeroed struct page in unavailable ranges: 12418 pages
[    0.000000] Initmem setup node 0 [mem 0x0000000000001000-0x000000013cffffff]
[    0.000000] On node 0 totalpages: 1036158
[    0.000000]   DMA zone: 64 pages used for memmap
[    0.000000]   DMA zone: 21 pages reserved
[    0.000000]   DMA zone: 3998 pages, LIFO batch:0
[    0.000000]   DMA32 zone: 12224 pages used for memmap
[    0.000000]   DMA32 zone: 782304 pages, LIFO batch:63
[    0.000000]   Normal zone: 3904 pages used for memmap
[    0.000000]   Normal zone: 249856 pages, LIFO batch:63
[    0.000000] ACPI: PM-Timer IO Port: 0x608
[    0.000000] ACPI: Local APIC address 0xfee00000
[    0.000000] ACPI: LAPIC_NMI (acpi_id[0xff] dfl dfl lint[0x1])
[    0.000000] IOAPIC[0]: apic_id 0, version 17, address 0xfec00000, GSI 0-23
[    0.000000] ACPI: INT_SRC_OVR (bus 0 bus_irq 0 global_irq 2 dfl dfl)
[    0.000000] ACPI: INT_SRC_OVR (bus 0 bus_irq 5 global_irq 5 high level)
[    0.000000] ACPI: INT_SRC_OVR (bus 0 bus_irq 9 global_irq 9 high level)
[    0.000000] ACPI: INT_SRC_OVR (bus 0 bus_irq 10 global_irq 10 high level)
[    0.000000] ACPI: INT_SRC_OVR (bus 0 bus_irq 11 global_irq 11 high level)
[    0.000000] ACPI: IRQ0 used by override.
[    0.000000] ACPI: IRQ5 used by override.
[    0.000000] ACPI: IRQ9 used by override.
[    0.000000] ACPI: IRQ10 used by override.
[    0.000000] ACPI: IRQ11 used by override.
[    0.000000] Using ACPI (MADT) for SMP configuration information
[    0.000000] ACPI: HPET id: 0x8086a201 base: 0xfed00000
[    0.000000] TSC deadline timer available
[    0.000000] smpboot: Allowing 2 CPUs, 0 hotplug CPUs
[    0.000000] PM: hibernation: Registered nosave memory: [mem 0x00000000-0x00000fff]
[    0.000000] PM: hibernation: Registered nosave memory: [mem 0x0009f000-0x0009ffff]
[    0.000000] PM: hibernation: Registered nosave memory: [mem 0x000a0000-0x000effff]
[    0.000000] PM: hibernation: Registered nosave memory: [mem 0x000f0000-0x000fffff]
[    0.000000] PM: hibernation: Registered nosave memory: [mem 0xbffe0000-0xbfffffff]
[    0.000000] PM: hibernation: Registered nosave memory: [mem 0xc0000000-0xfeffbfff]
[    0.000000] PM: hibernation: Registered nosave memory: [mem 0xfeffc000-0xfeffffff]
[    0.000000] PM: hibernation: Registered nosave memory: [mem 0xff000000-0xfffbffff]
[    0.000000] PM: hibernation: Registered nosave memory: [mem 0xfffc0000-0xffffffff]
[    0.000000] [mem 0xc0000000-0xfeffbfff] available for PCI devices
[    0.000000] clocksource: refined-jiffies: mask: 0xffffffff max_cycles: 0xffffffff, max_idle_ns: 1910969940391419 ns
[    0.000000] setup_percpu: NR_CPUS:64 nr_cpumask_bits:64 nr_cpu_ids:2 nr_node_ids:1
[    0.000000] percpu: Embedded 50 pages/cpu s172888 r0 d31912 u1048576
[    0.000000] pcpu-alloc: s172888 r0 d31912 u1048576 alloc=1*2097152
[    0.000000] pcpu-alloc: [0] 0 1 
[    0.000000] Built 1 zonelists, mobility grouping on.  Total pages: 1019945
[    0.000000] Policy zone: Normal
[    0.000000] Kernel command line: earlyprintk=serial oops=panic nmi_watchdog=panic panic_on_warn=0 panic=1 ftrace_dump_on_oops=orig_cpu rodata=n vsyscall=native net.ifnames=0 biosdevname=0 root=/dev/sda console=ttyS0 kvm-intel.nested=1 kvm-intel.unrestricted_guest=1 kvm-intel.vmm_exclusive=1 kvm-intel.fasteoi=1 kvm-intel.ept=1 kvm-intel.flexpriority=1 kvm-intel.vpid=1 kvm-intel.emulate_invalid_guest_state=1 kvm-intel.eptad=1 kvm-intel.enable_shadow_vmcs=1 kvm-intel.pml=1 kvm-intel.enable_apicv=1 root=/dev/sda5 panic_on_warn=0
[    0.000000] Dentry cache hash table entries: 524288 (order: 10, 4194304 bytes, linear)
[    0.000000] Inode-cache hash table entries: 262144 (order: 9, 2097152 bytes, linear)
[    0.000000] mem auto-init: stack:off, heap alloc:off, heap free:off
[    0.000000] Memory: 3916892K/4144632K available (18446K kernel code, 2550K rwdata, 3128K rodata, 1256K init, 6776K bss, 227480K reserved, 0K cma-reserved)
[    0.000000] SLUB: HWalign=64, Order=0-3, MinObjects=0, CPUs=2, Nodes=1
[    0.000000] Kernel/User page tables isolation: enabled
[    0.000000] rcu: Hierarchical RCU implementation.
[    0.000000] rcu: 	RCU event tracing is enabled.
[    0.000000] rcu: 	RCU restricting CPUs from NR_CPUS=64 to nr_cpu_ids=2.
[    0.000000] rcu: RCU calculated value of scheduler-enlistment delay is 100 jiffies.
[    0.000000] rcu: Adjusting geometry for rcu_fanout_leaf=16, nr_cpu_ids=2
[    0.000000] NR_IRQS: 4352, nr_irqs: 440, preallocated irqs: 16
[    0.000000] random: get_random_bytes called from start_kernel+0x3e4/0x608 with crng_init=0
[    0.000000] Console: colour VGA+ 80x25
[    0.000000] printk: console [ttyS0] enabled
[    0.000000] printk: bootconsole [earlyser0] disabled
[    0.000000] ACPI: Core revision 20200925
[    0.000000] clocksource: hpet: mask: 0xffffffff max_cycles: 0xffffffff, max_idle_ns: 19112604467 ns
[    0.001000] APIC: Switch to symmetric I/O mode setup
[    0.002000] ..TIMER: vector=0x30 apic1=0 pin1=2 apic2=-1 pin2=-1
[    0.010000] tsc: Unable to calibrate against PIT
[    0.011000] tsc: using HPET reference calibration
[    0.012000] tsc: Detected 2299.506 MHz processor
[    0.000049] clocksource: tsc-early: mask: 0xffffffffffffffff max_cycles: 0x2125629602e, max_idle_ns: 440795323215 ns
[    0.013427] Calibrating delay loop (skipped), value calculated using timer frequency.. 4599.01 BogoMIPS (lpj=2299506)
[    0.014431] pid_max: default: 32768 minimum: 301
[    0.016588] LSM: Security Framework initializing
[    0.017526] SELinux:  Initializing.
[    0.018560] Mount-cache hash table entries: 8192 (order: 4, 65536 bytes, linear)
[    0.019443] Mountpoint-cache hash table entries: 8192 (order: 4, 65536 bytes, linear)
[    0.028670] Last level iTLB entries: 4KB 0, 2MB 0, 4MB 0
[    0.029417] Last level dTLB entries: 4KB 0, 2MB 0, 4MB 0, 1GB 0
[    0.030483] Spectre V1 : Mitigation: usercopy/swapgs barriers and __user pointer sanitization
[    0.031431] Spectre V2 : Mitigation: Full generic retpoline
[    0.032428] Spectre V2 : Spectre v2 / SpectreRSB mitigation: Filling RSB on context switch
[    0.033418] Spectre V2 : Enabling Restricted Speculation for firmware calls
[    0.034428] Spectre V2 : mitigation: Enabling conditional Indirect Branch Prediction Barrier
[    0.035437] Speculative Store Bypass: Mitigation: Speculative Store Bypass disabled via prctl and seccomp
[    0.036443] MDS: Mitigation: Clear CPU buffers
[    0.039258] Freeing SMP alternatives memory: 44K
[    0.041165] smpboot: CPU0: Intel(R) Xeon(R) CPU @ 2.30GHz (family: 0x6, model: 0x3f, stepping: 0x0)
[    0.041874] Performance Events: unsupported p6 CPU model 63 no PMU driver, software events only.
[    0.042809] rcu: Hierarchical SRCU implementation.
[    0.043854] smp: Bringing up secondary CPUs ...
[    0.045061] x86: Booting SMP configuration:
[    0.045454] .... node  #0, CPUs:      #1
[    0.000409] smpboot: CPU 1 Converting physical 0 to logical die 1
[    0.127807] smp: Brought up 1 node, 2 CPUs
[    0.128452] smpboot: Max logical packages: 2
[    0.129455] smpboot: Total of 2 processors activated (9574.28 BogoMIPS)
[    0.144550] devtmpfs: initialized
[    0.149459] clocksource: jiffies: mask: 0xffffffff max_cycles: 0xffffffff, max_idle_ns: 1911260446275000 ns
[    0.150506] futex hash table entries: 512 (order: 3, 32768 bytes, linear)
[    0.152449] PM: RTC time: 12:47:14, date: 2021-01-13
[    0.154457] NET: Registered protocol family 16
[    0.156452] audit: initializing netlink subsys (disabled)
[    0.157693] audit: type=2000 audit(1610542034.158:1): state=initialized audit_enabled=0 res=1
[    0.159084] thermal_sys: Registered thermal governor 'step_wise'
[    0.159456] thermal_sys: Registered thermal governor 'user_space'
[    0.160709] cpuidle: using governor menu
[    0.163125] ACPI: bus type PCI registered
[    0.164525] PCI: Using configuration type 1 for base access
[    0.179511] HugeTLB registered 2.00 MiB page size, pre-allocated 0 pages
[    0.180774] cryptomgr_test (25) used greatest stack depth: 15136 bytes left
[    0.202597] ACPI: Added _OSI(Module Device)
[    0.203451] ACPI: Added _OSI(Processor Device)
[    0.204450] ACPI: Added _OSI(3.0 _SCP Extensions)
[    0.205461] ACPI: Added _OSI(Processor Aggregator Device)
[    0.206498] ACPI: Added _OSI(Linux-Dell-Video)
[    0.207481] ACPI: Added _OSI(Linux-Lenovo-NV-HDMI-Audio)
[    0.208478] ACPI: Added _OSI(Linux-HPI-Hybrid-Graphics)
[    0.222306] ACPI: 2 ACPI AML tables successfully acquired and loaded
[    0.228226] ACPI: Interpreter enabled
[    0.228605] ACPI: (supports S0 S3 S4 S5)
[    0.229654] ACPI: Using IOAPIC for interrupt routing
[    0.230649] PCI: Using host bridge windows from ACPI; if necessary, use "pci=nocrs" and report a bug
[    0.232409] ACPI: Enabled 16 GPEs in block 00 to 0F
[    0.254799] ACPI: PCI Root Bridge [PCI0] (domain 0000 [bus 00-ff])
[    0.255737] acpi PNP0A03:00: _OSC: OS supports [ASPM ClockPM Segments MSI HPX-Type3]
[    0.256602] acpi PNP0A03:00: fail to add MMCONFIG information, can't access extended PCI configuration space under this bridge.
[    0.257853] PCI host bridge to bus 0000:00
[    0.258468] pci_bus 0000:00: root bus resource [io  0x0000-0x0cf7 window]
[    0.259472] pci_bus 0000:00: root bus resource [io  0x0d00-0xffff window]
[    0.260475] pci_bus 0000:00: root bus resource [mem 0x000a0000-0x000bffff window]
[    0.261479] pci_bus 0000:00: root bus resource [mem 0xc0000000-0xfebfffff window]
[    0.262477] pci_bus 0000:00: root bus resource [bus 00-ff]
[    0.263899] pci 0000:00:00.0: [8086:1237] type 00 class 0x060000
[    0.268904] pci 0000:00:01.0: [8086:7000] type 00 class 0x060100
[    0.275562] pci 0000:00:01.1: [8086:7010] type 00 class 0x010180
[    0.282185] pci 0000:00:01.1: reg 0x20: [io  0xc040-0xc04f]
[    0.284522] pci 0000:00:01.1: legacy IDE quirk: reg 0x10: [io  0x01f0-0x01f7]
[    0.285457] pci 0000:00:01.1: legacy IDE quirk: reg 0x14: [io  0x03f6]
[    0.286453] pci 0000:00:01.1: legacy IDE quirk: reg 0x18: [io  0x0170-0x0177]
[    0.287455] pci 0000:00:01.1: legacy IDE quirk: reg 0x1c: [io  0x0376]
[    0.290116] pci 0000:00:01.3: [8086:7113] type 00 class 0x068000
[    0.294453] pci 0000:00:01.3: quirk: [io  0x0600-0x063f] claimed by PIIX4 ACPI
[    0.295549] pci 0000:00:01.3: quirk: [io  0x0700-0x070f] claimed by PIIX4 SMB
[    0.298909] pci 0000:00:02.0: [1234:1111] type 00 class 0x030000
[    0.302524] pci 0000:00:02.0: reg 0x10: [mem 0xfd000000-0xfdffffff pref]
[    0.309409] pci 0000:00:02.0: reg 0x18: [mem 0xfebf0000-0xfebf0fff]
[    0.320523] pci 0000:00:02.0: reg 0x30: [mem 0xfebe0000-0xfebeffff pref]
[    0.327378] pci 0000:00:03.0: [8086:100e] type 00 class 0x020000
[    0.329134] pci 0000:00:03.0: reg 0x10: [mem 0xfebc0000-0xfebdffff]
[    0.330452] pci 0000:00:03.0: reg 0x14: [io  0xc000-0xc03f]
[    0.337124] pci 0000:00:03.0: reg 0x30: [mem 0xfeb80000-0xfebbffff pref]
[    0.345633] ACPI: PCI Interrupt Link [LNKA] (IRQs 5 *10 11)
[    0.347361] ACPI: PCI Interrupt Link [LNKB] (IRQs 5 *10 11)
[    0.348296] ACPI: PCI Interrupt Link [LNKC] (IRQs 5 10 *11)
[    0.349274] ACPI: PCI Interrupt Link [LNKD] (IRQs 5 10 *11)
[    0.349880] ACPI: PCI Interrupt Link [LNKS] (IRQs *9)
[    0.354409] iommu: Default domain type: Translated 
[    0.358163] pci 0000:00:02.0: vgaarb: setting as boot VGA device
[    0.358409] pci 0000:00:02.0: vgaarb: VGA device added: decodes=io+mem,owns=io+mem,locks=none
[    0.358444] pci 0000:00:02.0: vgaarb: bridge control possible
[    0.359465] vgaarb: loaded
[    0.362751] SCSI subsystem initialized
[    0.364761] libata version 3.00 loaded.
[    0.365129] ACPI: bus type USB registered
[    0.365639] usbcore: registered new interface driver usbfs
[    0.366543] usbcore: registered new interface driver hub
[    0.367646] usbcore: registered new device driver usb
[    0.368634] pps_core: LinuxPPS API ver. 1 registered
[    0.369455] pps_core: Software ver. 5.3.6 - Copyright 2005-2007 Rodolfo Giometti <giometti@linux.it>
[    0.370528] PTP clock support registered
[    0.372701] Advanced Linux Sound Architecture Driver Initialized.
[    0.376022] NetLabel: Initializing
[    0.376459] NetLabel:  domain hash size = 128
[    0.377447] NetLabel:  protocols = UNLABELED CIPSOv4 CALIPSO
[    0.378853] NetLabel:  unlabeled traffic allowed by default
[    0.380542] PCI: Using ACPI for IRQ routing
[    0.381470] PCI: pci_cache_line_size set to 64 bytes
[    0.382456] e820: reserve RAM buffer [mem 0x0009fc00-0x0009ffff]
[    0.382498] e820: reserve RAM buffer [mem 0xbffe0000-0xbfffffff]
[    0.382502] e820: reserve RAM buffer [mem 0x13d000000-0x13fffffff]
[    0.388667] hpet0: at MMIO 0xfed00000, IRQs 2, 8, 0
[    0.389449] hpet0: 3 comparators, 64-bit 100.000000 MHz counter
[    0.394792] clocksource: Switched to clocksource tsc-early
[    1.257938] VFS: Disk quotas dquot_6.6.0
[    1.263223] VFS: Dquot-cache hash table entries: 512 (order 0, 4096 bytes)
[    1.274152] pnp: PnP ACPI init
[    1.278903] pnp 00:00: Plug and Play ACPI device, IDs PNP0b00 (active)
[    1.279162] pnp 00:01: Plug and Play ACPI device, IDs PNP0303 (active)
[    1.279309] pnp 00:02: Plug and Play ACPI device, IDs PNP0f13 (active)
[    1.279601] pnp 00:03: [dma 2]
[    1.279688] pnp 00:03: Plug and Play ACPI device, IDs PNP0700 (active)
[    1.280025] pnp 00:04: Plug and Play ACPI device, IDs PNP0400 (active)
[    1.280310] pnp 00:05: Plug and Play ACPI device, IDs PNP0501 (active)
[    1.282201] pnp: PnP ACPI: found 6 devices
[    1.304737] clocksource: acpi_pm: mask: 0xffffff max_cycles: 0xffffff, max_idle_ns: 2085701024 ns
[    1.315969] NET: Registered protocol family 2
[    1.323184] tcp_listen_portaddr_hash hash table entries: 2048 (order: 3, 32768 bytes, linear)
[    1.333983] TCP established hash table entries: 32768 (order: 6, 262144 bytes, linear)
[    1.343815] TCP bind hash table entries: 32768 (order: 7, 524288 bytes, linear)
[    1.353597] TCP: Hash tables configured (established 32768 bind 32768)
[    1.362192] UDP hash table entries: 2048 (order: 4, 65536 bytes, linear)
[    1.370367] UDP-Lite hash table entries: 2048 (order: 4, 65536 bytes, linear)
[    1.379331] NET: Registered protocol family 1
[    1.387297] RPC: Registered named UNIX socket transport module.
[    1.394630] RPC: Registered udp transport module.
[    1.400620] RPC: Registered tcp transport module.
[    1.406484] RPC: Registered tcp NFSv4.1 backchannel transport module.
[    1.416168] pci_bus 0000:00: resource 4 [io  0x0000-0x0cf7 window]
[    1.423660] pci_bus 0000:00: resource 5 [io  0x0d00-0xffff window]
[    1.431225] pci_bus 0000:00: resource 6 [mem 0x000a0000-0x000bffff window]
[    1.439696] pci_bus 0000:00: resource 7 [mem 0xc0000000-0xfebfffff window]
[    1.448932] pci 0000:00:01.0: PIIX3: Enabling Passive Release
[    1.454900] pci 0000:00:00.0: Limiting direct PCI/PCI transfers
[    1.462290] pci 0000:00:01.0: Activating ISA DMA hang workarounds
[    1.470695] pci 0000:00:02.0: Video device with shadowed ROM at [mem 0x000c0000-0x000dffff]
[    1.481236] pci 0000:00:02.0: pci_fixup_video+0x0/0x110 took 10570 usecs
[    1.490060] PCI: CLS 0 bytes, default 64
[    1.495525] Unpacking initramfs...
[    2.395887] Freeing initrd memory: 48320K
[    2.401156] PCI-DMA: Using software bounce buffering for IO (SWIOTLB)
[    2.408937] software IO TLB: mapped [mem 0x00000000bbfe0000-0x00000000bffe0000] (64MB)
[    2.426294] check: Scanning for low memory corruption every 60 seconds
[    2.443251] Initialise system trusted keyrings
[    2.450011] workingset: timestamp_bits=56 max_order=20 bucket_order=0
[    2.470217] NFS: Registering the id_resolver key type
[    2.476729] Key type id_resolver registered
[    2.482145] Key type id_legacy registered
[    2.502597] Key type asymmetric registered
[    2.507780] Asymmetric key parser 'x509' registered
[    2.513865] Block layer SCSI generic (bsg) driver version 0.4 loaded (major 251)
[    2.522804] io scheduler mq-deadline registered
[    2.528294] io scheduler kyber registered
[    2.534548] input: Power Button as /devices/LNXSYSTM:00/LNXPWRBN:00/input/input0
[    2.543846] ACPI: Power Button [PWRF]
[    2.551064] Serial: 8250/16550 driver, 4 ports, IRQ sharing enabled
[    2.559791] 00:05: ttyS0 at I/O 0x3f8 (irq = 4, base_baud = 115200) is a 16550A
[    2.570957] Non-volatile memory driver v1.3
[    2.576215] Linux agpgart interface v0.103
[    2.597972] loop: module loaded
[    2.602770] ata_piix 0000:00:01.1: version 2.13
[    2.608196] scsi host0: ata_piix
[    2.613855] scsi host1: ata_piix
[    2.618158] ata1: PATA max MWDMA2 cmd 0x1f0 ctl 0x3f6 bmdma 0xc040 irq 14
[    2.626332] ata2: PATA max MWDMA2 cmd 0x170 ctl 0x376 bmdma 0xc048 irq 15
[    2.635904] e100: Intel(R) PRO/100 Network Driver
[    2.641475] e100: Copyright(c) 1999-2006 Intel Corporation
[    2.648202] e1000: Intel(R) PRO/1000 Network Driver
[    2.654064] e1000: Copyright (c) 1999-2006 Intel Corporation.
[    2.796096] ata1.01: NODEV after polling detection
[    2.798259] ata1.00: ATA-7: QEMU HARDDISK, 2.5+, max UDMA/100
[    2.805627] ata1.00: 41943040 sectors, multi 16: LBA48 
[    2.816913] ata2.01: NODEV after polling detection
[    2.818981] ata2.00: ATAPI: QEMU DVD-ROM, 2.5+, max UDMA/100
[    2.837758] scsi 0:0:0:0: Direct-Access     ATA      QEMU HARDDISK    2.5+ PQ: 0 ANSI: 5
[    2.856975] scsi 0:0:0:0: Attached scsi generic sg0 type 0
[    2.865217] sd 0:0:0:0: [sda] 41943040 512-byte logical blocks: (21.5 GB/20.0 GiB)
[    2.882795] scsi 1:0:0:0: CD-ROM            QEMU     QEMU DVD-ROM     2.5+ PQ: 0 ANSI: 5
[    2.892166] sd 0:0:0:0: [sda] Write Protect is off
[    2.901646] sd 0:0:0:0: [sda] Mode Sense: 00 3a 00 00
[    2.908587] sd 0:0:0:0: [sda] Write cache: enabled, read cache: enabled, doesn't support DPO or FUA
[    2.927583] sr 1:0:0:0: [sr0] scsi3-mmc drive: 4x/4x cd/rw xa/form2 tray
[    2.941841] cdrom: Uniform CD-ROM driver Revision: 3.20
[    2.970256]  sda: sda1 sda2 < sda5 >
[    2.984599] sr 1:0:0:0: Attached scsi CD-ROM sr0
[    2.986139] sr 1:0:0:0: Attached scsi generic sg1 type 5
[    3.003950] sd 0:0:0:0: [sda] Attached SCSI disk
[    3.137742] PCI Interrupt Link [LNKC] enabled at IRQ 11
[    3.949004] e1000 0000:00:03.0 eth0: (PCI:33MHz:32-bit) 52:54:00:12:34:56
[    3.957548] e1000 0000:00:03.0 eth0: Intel(R) PRO/1000 Network Connection
[    3.966334] e1000e: Intel(R) PRO/1000 Network Driver
[    3.972930] e1000e: Copyright(c) 1999 - 2015 Intel Corporation.
[    3.980969] sky2: driver version 1.30
[    3.986183] ehci_hcd: USB 2.0 'Enhanced' Host Controller (EHCI) Driver
[    3.994714] ehci-pci: EHCI PCI platform driver
[    4.000633] ohci_hcd: USB 1.1 'Open' Host Controller (OHCI) Driver
[    4.008526] ohci-pci: OHCI PCI platform driver
[    4.014587] uhci_hcd: USB Universal Host Controller Interface driver
[    4.023027] usbcore: registered new interface driver usblp
[    4.030165] usbcore: registered new interface driver usb-storage
[    4.037954] i8042: PNP: PS/2 Controller [PNP0303:KBD,PNP0f13:MOU] at 0x60,0x64 irq 1,12
[    4.053630] serio: i8042 KBD port at 0x60,0x64 irq 1
[    4.059827] serio: i8042 AUX port at 0x60,0x64 irq 12
[    4.069723] input: AT Translated Set 2 keyboard as /devices/platform/i8042/serio0/input/input1
[    4.081197] rtc_cmos 00:00: RTC can wake from S4
[    4.095329] rtc_cmos 00:00: registered as rtc0
[    4.101938] rtc_cmos 00:00: alarms up to one day, 114 bytes nvram, hpet irqs
[    4.114119] device-mapper: ioctl: 4.43.0-ioctl (2020-10-01) initialised: dm-devel@redhat.com
[    4.124811] intel_pstate: CPU model not supported
[    4.131291] hid: raw HID events driver (C) Jiri Kosina
[    4.140279] usbcore: registered new interface driver usbhid
[    4.147986] usbhid: USB HID core driver
[    4.163641] Initializing XFRM netlink socket
[    4.169965] NET: Registered protocol family 10
[    4.177389] Segment Routing with IPv6
[    4.183608] sit: IPv6, IPv4 and MPLS over IPv4 tunneling driver
[    4.191542] NET: Registered protocol family 17
[    4.197313] Key type dns_resolver registered
[    4.204905] IPI shorthand broadcast: enabled
[    4.210364] sched_clock: Marking stable (4210748444, -590061)->(5005397405, -795239022)
[    4.221633] registered taskstats version 1
[    4.226990] Loading compiled-in X.509 certificates
[    4.233825] kmemleak: Kernel memory leak detector initialized (mem pool available: 15793)
[    4.233869] kmemleak: Automatic memory scanning thread started
[    4.244623] PM:   Magic number: 5:453:784
[    4.257770] printk: console [netcon0] enabled
[    4.263526] netconsole: network logging started
[    4.270700] cfg80211: Loading compiled-in X.509 certificates for regulatory database
[    4.282103] cryptomgr_probe (68) used greatest stack depth: 15024 bytes left
[    4.282780] cfg80211: Loaded X.509 cert 'sforshee: 00b28ddf47aef9cea7'
[    4.300815] platform regulatory.0: Direct firmware load for regulatory.db failed with error -2
[    4.311277] ALSA device list:
[    4.314989]   No soundcards found.
[    4.319295] cfg80211: failed to load regulatory.db
[    4.329943] Freeing unused kernel image (initmem) memory: 1256K
[    4.338511] Kernel memory protection disabled.
[    4.344383] Run /init as init process
[    4.349189]   with arguments:
[    4.349192]     /init
[    4.349193]   with environment:
[    4.349195]     HOME=/
[    4.349205]     TERM=linux
[    4.349207]     nmi_watchdog=panic
[    4.349212]     rodata=n
[    4.349213]     biosdevname=0
[    4.353369] mkdir (70) used greatest stack depth: 14944 bytes left
[    4.367623] mount (74) used greatest stack depth: 14408 bytes left
[    4.377956] mount (75) used greatest stack depth: 14288 bytes left
[    4.385786] cat (76) used greatest stack depth: 14160 bytes left
[    4.492134] udevadm (90) used greatest stack depth: 14144 bytes left
[    4.789632] ata_id (111) used greatest stack depth: 13448 bytes left
[    4.857306] input: ImExPS/2 Generic Explorer Mouse as /devices/platform/i8042/serio1/input/input3
[    4.912837] random: fast init done
[    5.148977] fsck (126) used greatest stack depth: 13152 bytes left
[    5.174209] EXT4-fs (sda5): mounted filesystem with ordered data mode. Opts: (null)
[    5.764157] systemd[1]: systemd 245.4-4ubuntu3 running in system mode. (+PAM +AUDIT +SELINUX +IMA +APPARMOR +SMACK +SYSVINIT +UTMP +LIBCRYPTSETUP +GCRYPT +GNUTLS +ACL +XZ +LZ4 +SECCOMP +BLKID +ELFUTILS +KMOD +IDN2 -IDN +PCRE2 default-hierarchy=hybrid)
[    5.792665] systemd[1]: Detected virtualization kvm.
[    5.799165] systemd[1]: Detected architecture x86-64.
[    5.825102] systemd[1]: Set hostname to <fuzzer-VirtualBox>.
[    6.030388] friendly-recove (145) used greatest stack depth: 12960 bytes left
[    6.132142] random: crng init done
[    6.161028] systemd-fstab-g (153) used greatest stack depth: 12760 bytes left
[    6.242898] ls (157) used greatest stack depth: 12648 bytes left
[    6.576703] systemd[1]: /lib/systemd/system/dbus.socket:5: ListenStream= references a path below legacy directory /var/run/, updating /var/run/dbus/system_bus_socket → /run/dbus/system_bus_socket; please update the unit file accordingly.
[    6.907169] systemd[1]: system-modprobe.slice: unit configures an IP firewall, but the local system does not support BPF/cgroup firewalling.
[    6.924695] systemd[1]: (This warning is only shown for the first unit using IP firewalling.)
[    6.937783] systemd[1]: Created slice system-modprobe.slice.
[    6.955933] systemd[1]: Created slice system-serial\x2dgetty.slice.
[    6.974788] systemd[1]: Created slice system-systemd\x2dfsck.slice.
[    6.995757] systemd[1]: Created slice User and Session Slice.
[    7.013895] systemd[1]: Started Forward Password Requests to Wall Directory Watch.
[    7.035823] systemd[1]: Set up automount Arbitrary Executable File Formats File System Automount Point.
[    7.058749] systemd[1]: Reached target User and Group Name Lookups.
[    7.076613] systemd[1]: Reached target Remote File Systems.
[    7.092963] systemd[1]: Reached target Slices.
[    7.107736] systemd[1]: Listening on Syslog Socket.
[    7.123146] systemd[1]: Listening on fsck to fsckd communication Socket.
[    7.142278] systemd[1]: Listening on initctl Compatibility Named Pipe.
[    7.161673] systemd[1]: Listening on Journal Audit Socket.
[    7.178525] systemd[1]: Listening on Journal Socket (/dev/log).
[    7.196596] systemd[1]: Listening on Journal Socket.
[    7.212548] systemd[1]: Listening on udev Control Socket.
[    7.229059] systemd[1]: Listening on udev Kernel Socket.
[    7.249213] systemd[1]: Mounting Huge Pages File System...
[    7.267640] systemd[1]: Mounting POSIX Message Queue File System...
[    7.287920] systemd[1]: Mounting Kernel Debug File System...
[    7.306846] systemd[1]: Mounting Kernel Trace File System...
[    7.325709] systemd[1]: Starting Journal Service...
[    7.345934] systemd[1]: Starting Set the console keyboard layout...
[    7.364404] systemd[1]: Condition check resulted in Create list of static device nodes for the current kernel being skipped.
[    7.379140] systemd[1]: Condition check resulted in Load Kernel Module drm being skipped.
[    7.394815] systemd[1]: Condition check resulted in Set Up Additional Binary Formats being skipped.
[    7.407628] systemd[1]: Condition check resulted in File System Check on Root Device being skipped.
[    7.429148] systemd[1]: Starting Load Kernel Modules...
[    7.464154] systemd[1]: Starting Remount Root and Kernel File Systems...
[    7.527728] systemd[1]: Starting udev Coldplug all Devices...
[    7.611738] systemd[1]: Starting Uncomplicated firewall...
[    7.655774] EXT4-fs (sda5): re-mounted. Opts: errors=remount-ro
[    7.696121] systemd[1]: Mounted Huge Pages File System.
[    7.744218] systemd[1]: Mounted POSIX Message Queue File System.
[    7.784991] systemd[1]: Mounted Kernel Debug File System.
[    7.814363] systemd[1]: Mounted Kernel Trace File System.
[    7.844949] systemd[1]: Finished Set the console keyboard layout.
[    7.865995] systemd[1]: systemd-modules-load.service: Main process exited, code=exited, status=1/FAILURE
[    7.879050] systemd[1]: systemd-modules-load.service: Failed with result 'exit-code'.
[    7.890361] systemd[1]: Failed to start Load Kernel Modules.
[    7.917389] systemd[1]: Finished Remount Root and Kernel File Systems.
[    7.938208] systemd[1]: Started Journal Service.
[    8.031189] swapon: file is not committed
[    8.125072] systemd-journald[169]: Received client request to flush runtime journal.
[   17.351104] thermald (380) used greatest stack depth: 12544 bytes left
[   20.809319] e1000: eth0 NIC Link is Up 1000 Mbps Full Duplex, Flow Control: RX
[   20.824114] IPv6: ADDRCONF(NETDEV_CHANGE): eth0: link becomes ready
[   27.990966] cut (682) used greatest stack depth: 12408 bytes left
[   36.575602] kmemleak: Automatic memory scanning thread ended
[   42.306518] hrtimer: interrupt took 5994491 ns

------------------------------------------------------------------------------------------------

17:50:01 13/01/21

========================auditctl -s==============================================
enabled 1
failure 1
pid 305
rate_limit 0
backlog_limit 8192
lost 0
backlog 0
backlog_wait_time 0
loginuid_immutable 0 unlocked
========================audit status==============================================
● auditd.service - Security Auditing Service
     Loaded: loaded (/lib/systemd/system/auditd.service; enabled; vendor preset: enabled)
     Active: active (running) since Wed 2021-01-13 17:47:27 PKT; 2min 34s ago
       Docs: man:auditd(8)
             https://github.com/linux-audit/audit-documentation
    Process: 303 ExecStart=/sbin/auditd (code=exited, status=0/SUCCESS)
    Process: 310 ExecStartPost=/sbin/augenrules --load (code=exited, status=0/SUCCESS)
   Main PID: 305 (auditd)
     CGroup: /system.slice/auditd.service
             └─305 /sbin/auditd

جنوری 13 17:47:28 fuzzer-VirtualBox augenrules[320]: backlog_wait_time 60000
جنوری 13 17:47:28 fuzzer-VirtualBox augenrules[320]: enabled 1
جنوری 13 17:47:28 fuzzer-VirtualBox augenrules[320]: failure 1
جنوری 13 17:47:28 fuzzer-VirtualBox augenrules[320]: pid 305
جنوری 13 17:47:28 fuzzer-VirtualBox augenrules[320]: rate_limit 0
جنوری 13 17:47:28 fuzzer-VirtualBox augenrules[320]: backlog_limit 8192
جنوری 13 17:47:28 fuzzer-VirtualBox augenrules[320]: lost 0
جنوری 13 17:47:28 fuzzer-VirtualBox augenrules[320]: backlog 0
جنوری 13 17:47:28 fuzzer-VirtualBox augenrules[320]: backlog_wait_time 0
جنوری 13 17:47:27 fuzzer-VirtualBox systemd[1]: Started Security Auditing Service.
========================dmesg==============================================
[   50.129184] cgroup: Unknown subsys name 'perf_event'
[   50.155529] cgroup: Unknown subsys name 'net_cls'
[   60.372098] rfkill: input handler disabled
[   70.657025] Process accounting resumed
[   70.661150] Process accounting resumed
[   70.705922] Process accounting resumed
[   70.749100] Process accounting resumed
[   70.775095] Process accounting resumed
[   70.861247] Process accounting resumed
[   70.880748] Process accounting resumed
[   70.903051] Process accounting resumed
[  115.242310] EXT4-fs (sda5): re-mounted. Opts: (null)
[  115.280169] EXT4-fs (sda5): re-mounted. Opts: (null)
[  115.569599] EXT4-fs (sda5): re-mounted. Opts: (null)
[  115.884089] EXT4-fs (sda5): re-mounted. Opts: (null)
[  116.208681] EXT4-fs (sda5): re-mounted. Opts: (null)
[  116.527359] EXT4-fs (sda5): re-mounted. Opts: (null)
[  116.792793] EXT4-fs (sda5): re-mounted. Opts: (null)
[  117.160842] EXT4-fs (sda5): re-mounted. Opts: (null)

------------------------------------------------------------------------------------------------

17:52:01 13/01/21

========================auditctl -s==============================================
enabled 1
failure 1
pid 305
rate_limit 0
backlog_limit 8192
lost 0
backlog 0
backlog_wait_time 0
loginuid_immutable 0 unlocked
========================audit status==============================================
● auditd.service - Security Auditing Service
     Loaded: loaded (/lib/systemd/system/auditd.service; enabled; vendor preset: enabled)
     Active: active (running) since Wed 2021-01-13 17:47:27 PKT; 4min 33s ago
       Docs: man:auditd(8)
             https://github.com/linux-audit/audit-documentation
    Process: 303 ExecStart=/sbin/auditd (code=exited, status=0/SUCCESS)
    Process: 310 ExecStartPost=/sbin/augenrules --load (code=exited, status=0/SUCCESS)
   Main PID: 305 (auditd)
     CGroup: /system.slice/auditd.service
             └─305 /sbin/auditd

جنوری 13 17:47:28 fuzzer-VirtualBox augenrules[320]: backlog_wait_time 60000
جنوری 13 17:47:28 fuzzer-VirtualBox augenrules[320]: enabled 1
جنوری 13 17:47:28 fuzzer-VirtualBox augenrules[320]: failure 1
جنوری 13 17:47:28 fuzzer-VirtualBox augenrules[320]: pid 305
جنوری 13 17:47:28 fuzzer-VirtualBox augenrules[320]: rate_limit 0
جنوری 13 17:47:28 fuzzer-VirtualBox augenrules[320]: backlog_limit 8192
جنوری 13 17:47:28 fuzzer-VirtualBox augenrules[320]: lost 0
جنوری 13 17:47:28 fuzzer-VirtualBox augenrules[320]: backlog 0
جنوری 13 17:47:28 fuzzer-VirtualBox augenrules[320]: backlog_wait_time 0
جنوری 13 17:47:27 fuzzer-VirtualBox systemd[1]: Started Security Auditing Service.
========================dmesg==============================================
[  266.914486] blk_update_request: I/O error, dev loop0, sector 2 op 0x0:(READ) flags 0x1000 phys_seg 1 prio class 0
[  266.929494] EXT4-fs (loop0): unable to read superblock
[  267.188070] blk_update_request: I/O error, dev loop0, sector 2 op 0x0:(READ) flags 0x1000 phys_seg 1 prio class 0
[  267.202400] EXT4-fs (loop0): unable to read superblock
[  267.418425] blk_update_request: I/O error, dev loop0, sector 2 op 0x0:(READ) flags 0x1000 phys_seg 1 prio class 0
[  267.432074] EXT4-fs (loop0): unable to read superblock
[  267.625058] blk_update_request: I/O error, dev loop0, sector 2 op 0x0:(READ) flags 0x1000 phys_seg 1 prio class 0
[  267.639101] EXT4-fs (loop0): unable to read superblock
[  285.531225] semctl(GETNCNT/GETZCNT) is since 3.16 Single Unix Specification compliant.
               The task syz-executor (4141) triggered the difference, watch for misbehavior.

------------------------------------------------------------------------------------------------

17:54:01 13/01/21

========================auditctl -s==============================================
enabled 1
failure 1
pid 305
rate_limit 0
backlog_limit 8192
lost 0
backlog 0
backlog_wait_time 0
loginuid_immutable 0 unlocked
========================audit status==============================================
● auditd.service - Security Auditing Service
     Loaded: loaded (/lib/systemd/system/auditd.service; enabled; vendor preset: enabled)
     Active: active (running) since Wed 2021-01-13 17:47:27 PKT; 6min ago
       Docs: man:auditd(8)
             https://github.com/linux-audit/audit-documentation
    Process: 303 ExecStart=/sbin/auditd (code=exited, status=0/SUCCESS)
    Process: 310 ExecStartPost=/sbin/augenrules --load (code=exited, status=0/SUCCESS)
   Main PID: 305 (auditd)
     CGroup: /system.slice/auditd.service
             └─305 /sbin/auditd

جنوری 13 17:47:28 fuzzer-VirtualBox augenrules[320]: backlog_wait_time 60000
جنوری 13 17:47:28 fuzzer-VirtualBox augenrules[320]: enabled 1
جنوری 13 17:47:28 fuzzer-VirtualBox augenrules[320]: failure 1
جنوری 13 17:47:28 fuzzer-VirtualBox augenrules[320]: pid 305
جنوری 13 17:47:28 fuzzer-VirtualBox augenrules[320]: rate_limit 0
جنوری 13 17:47:28 fuzzer-VirtualBox augenrules[320]: backlog_limit 8192
جنوری 13 17:47:28 fuzzer-VirtualBox augenrules[320]: lost 0
جنوری 13 17:47:28 fuzzer-VirtualBox augenrules[320]: backlog 0
جنوری 13 17:47:28 fuzzer-VirtualBox augenrules[320]: backlog_wait_time 0
جنوری 13 17:47:27 fuzzer-VirtualBox systemd[1]: Started Security Auditing Service.
========================dmesg==============================================
[  390.672011] autofs4:pid:5028:autofs_fill_super: called with bogus options
[  390.705786] autofs4:pid:5028:autofs_fill_super: called with bogus options
[  390.954258] autofs4:pid:5030:autofs_fill_super: called with bogus options
[  391.162789] autofs4:pid:5032:autofs_fill_super: called with bogus options
[  391.347786] autofs4:pid:5034:autofs_fill_super: called with bogus options

------------------------------------------------------------------------------------------------

17:56:01 13/01/21

========================auditctl -s==============================================
enabled 1
failure 1
pid 305
rate_limit 0
backlog_limit 8192
lost 0
backlog 0
backlog_wait_time 0
loginuid_immutable 0 unlocked
========================audit status==============================================
● auditd.service - Security Auditing Service
     Loaded: loaded (/lib/systemd/system/auditd.service; enabled; vendor preset: enabled)
     Active: active (running) since Wed 2021-01-13 17:47:27 PKT; 8min ago
       Docs: man:auditd(8)
             https://github.com/linux-audit/audit-documentation
    Process: 303 ExecStart=/sbin/auditd (code=exited, status=0/SUCCESS)
    Process: 310 ExecStartPost=/sbin/augenrules --load (code=exited, status=0/SUCCESS)
   Main PID: 305 (auditd)
     CGroup: /system.slice/auditd.service
             └─305 /sbin/auditd

جنوری 13 17:47:28 fuzzer-VirtualBox augenrules[320]: backlog_wait_time 60000
جنوری 13 17:47:28 fuzzer-VirtualBox augenrules[320]: enabled 1
جنوری 13 17:47:28 fuzzer-VirtualBox augenrules[320]: failure 1
جنوری 13 17:47:28 fuzzer-VirtualBox augenrules[320]: pid 305
جنوری 13 17:47:28 fuzzer-VirtualBox augenrules[320]: rate_limit 0
جنوری 13 17:47:28 fuzzer-VirtualBox augenrules[320]: backlog_limit 8192
جنوری 13 17:47:28 fuzzer-VirtualBox augenrules[320]: lost 0
جنوری 13 17:47:28 fuzzer-VirtualBox augenrules[320]: backlog 0
جنوری 13 17:47:28 fuzzer-VirtualBox augenrules[320]: backlog_wait_time 0
جنوری 13 17:47:27 fuzzer-VirtualBox systemd[1]: Started Security Auditing Service.
========================dmesg==============================================
[  438.128327] NFS: mount program didn't pass any mount data
[  438.153407] NFS: mount program didn't pass any mount data
[  438.354214] NFS: mount program didn't pass any mount data
[  438.576888] NFS: mount program didn't pass any mount data
[  438.786889] NFS: mount program didn't pass any mount data
[  461.831754] Process accounting resumed
[  473.792395] devtmpfs: Unknown parameter '/dev/loop'
[  473.833847] devtmpfs: Unknown parameter '/dev/loop'
[  474.154086] devtmpfs: Unknown parameter '/dev/loop'
[  474.455681] devtmpfs: Unknown parameter '/dev/loop'
[  474.710258] devtmpfs: Unknown parameter '/dev/loop'
[  487.922256] mmap: syz-executor (6022) uses deprecated remap_file_pages() syscall. See Documentation/vm/remap_file_pages.rst.

------------------------------------------------------------------------------------------------

17:58:02 13/01/21

========================auditctl -s==============================================
enabled 1
failure 1
pid 305
rate_limit 0
backlog_limit 8192
lost 0
backlog 0
backlog_wait_time 0
loginuid_immutable 0 unlocked
========================audit status==============================================
● auditd.service - Security Auditing Service
     Loaded: loaded (/lib/systemd/system/auditd.service; enabled; vendor preset: enabled)
     Active: active (running) since Wed 2021-01-13 17:47:27 PKT; 10min ago
       Docs: man:auditd(8)
             https://github.com/linux-audit/audit-documentation
    Process: 303 ExecStart=/sbin/auditd (code=exited, status=0/SUCCESS)
    Process: 310 ExecStartPost=/sbin/augenrules --load (code=exited, status=0/SUCCESS)
   Main PID: 305 (auditd)
     CGroup: /system.slice/auditd.service
             └─305 /sbin/auditd

جنوری 13 17:47:28 fuzzer-VirtualBox augenrules[320]: failure 1
جنوری 13 17:47:28 fuzzer-VirtualBox augenrules[320]: pid 305
جنوری 13 17:47:28 fuzzer-VirtualBox augenrules[320]: rate_limit 0
جنوری 13 17:47:28 fuzzer-VirtualBox augenrules[320]: backlog_limit 8192
جنوری 13 17:47:28 fuzzer-VirtualBox augenrules[320]: lost 0
جنوری 13 17:47:28 fuzzer-VirtualBox augenrules[320]: backlog 0
جنوری 13 17:47:28 fuzzer-VirtualBox augenrules[320]: backlog_wait_time 0
جنوری 13 17:47:27 fuzzer-VirtualBox systemd[1]: Started Security Auditing Service.
جنوری 13 17:56:22 fuzzer-VirtualBox auditd[305]: Audit daemon has no space left on logging partition
جنوری 13 17:56:22 fuzzer-VirtualBox auditd[305]: Audit daemon is suspending logging due to no space left on logging partition.
========================dmesg==============================================
[  526.010357] dmesg (6363) used greatest stack depth: 12112 bytes left
[  552.933212] Process accounting paused
[  576.993308] capability: warning: `syz-executor' uses 32-bit capabilities (legacy support in use)
[  583.090816] Process accounting resumed
[  585.712781] capability: warning: `syz-executor' uses deprecated v2 capabilities in a way that may be insecure

------------------------------------------------------------------------------------------------

18:00:01 13/01/21

========================auditctl -s==============================================
enabled 1
failure 1
pid 305
rate_limit 0
backlog_limit 8192
lost 0
backlog 0
backlog_wait_time 0
loginuid_immutable 0 unlocked
========================audit status==============================================
● auditd.service - Security Auditing Service
     Loaded: loaded (/lib/systemd/system/auditd.service; enabled; vendor preset: enabled)
     Active: active (running) since Wed 2021-01-13 17:47:27 PKT; 12min ago
       Docs: man:auditd(8)
             https://github.com/linux-audit/audit-documentation
    Process: 303 ExecStart=/sbin/auditd (code=exited, status=0/SUCCESS)
    Process: 310 ExecStartPost=/sbin/augenrules --load (code=exited, status=0/SUCCESS)
   Main PID: 305 (auditd)
     CGroup: /system.slice/auditd.service
             └─305 /sbin/auditd

جنوری 13 17:47:28 fuzzer-VirtualBox augenrules[320]: failure 1
جنوری 13 17:47:28 fuzzer-VirtualBox augenrules[320]: pid 305
جنوری 13 17:47:28 fuzzer-VirtualBox augenrules[320]: rate_limit 0
جنوری 13 17:47:28 fuzzer-VirtualBox augenrules[320]: backlog_limit 8192
جنوری 13 17:47:28 fuzzer-VirtualBox augenrules[320]: lost 0
جنوری 13 17:47:28 fuzzer-VirtualBox augenrules[320]: backlog 0
جنوری 13 17:47:28 fuzzer-VirtualBox augenrules[320]: backlog_wait_time 0
جنوری 13 17:47:27 fuzzer-VirtualBox systemd[1]: Started Security Auditing Service.
جنوری 13 17:56:22 fuzzer-VirtualBox auditd[305]: Audit daemon has no space left on logging partition
جنوری 13 17:56:22 fuzzer-VirtualBox auditd[305]: Audit daemon is suspending logging due to no space left on logging partition.
========================dmesg==============================================
[  652.125349] Process accounting resumed
[  652.301758] Process accounting resumed
[  652.477326] Process accounting resumed
[  652.657713] Process accounting resumed
[  691.159358] bdev: Unknown parameter 'security.capability'
[  691.324687] bdev: Unknown parameter 'security.capability'
[  691.488482] bdev: Unknown parameter 'security.capability'
[  691.656813] bdev: Unknown parameter 'security.capability'
[  718.277974] nfs4: Unknown parameter '&\x8d\xb5\xd7'
[  718.440216] nfs4: Unknown parameter '&\x8d\xb5\xd7'
[  718.596749] nfs4: Unknown parameter '&\x8d\xb5\xd7'
[  718.755139] nfs4: Unknown parameter '&\x8d\xb5\xd7'
[  748.113395] sysfs: Unknown parameter '{<*'
[  748.280172] sysfs: Unknown parameter '{<*'
[  748.430408] sysfs: Unknown parameter '{<*'
[  748.585034] sysfs: Unknown parameter '{<*'
[  764.559649] blk_update_request: I/O error, dev loop0, sector 2 op 0x0:(READ) flags 0x1000 phys_seg 1 prio class 0
[  764.572359] EXT4-fs (loop0): unable to read superblock
[  764.755399] blk_update_request: I/O error, dev loop0, sector 2 op 0x0:(READ) flags 0x1000 phys_seg 1 prio class 0
[  764.768321] EXT4-fs (loop0): unable to read superblock
[  764.942700] blk_update_request: I/O error, dev loop0, sector 2 op 0x0:(READ) flags 0x1000 phys_seg 1 prio class 0
[  764.958199] EXT4-fs (loop0): unable to read superblock
[  765.138529] blk_update_request: I/O error, dev loop0, sector 2 op 0x0:(READ) flags 0x1000 phys_seg 1 prio class 0
[  765.151943] EXT4-fs (loop0): unable to read superblock

------------------------------------------------------------------------------------------------

18:02:01 13/01/21

========================auditctl -s==============================================
enabled 1
failure 1
pid 305
rate_limit 0
backlog_limit 8192
lost 0
backlog 0
backlog_wait_time 0
loginuid_immutable 0 unlocked
========================audit status==============================================
● auditd.service - Security Auditing Service
     Loaded: loaded (/lib/systemd/system/auditd.service; enabled; vendor preset: enabled)
     Active: active (running) since Wed 2021-01-13 17:47:27 PKT; 14min ago
       Docs: man:auditd(8)
             https://github.com/linux-audit/audit-documentation
    Process: 303 ExecStart=/sbin/auditd (code=exited, status=0/SUCCESS)
    Process: 310 ExecStartPost=/sbin/augenrules --load (code=exited, status=0/SUCCESS)
   Main PID: 305 (auditd)
     CGroup: /system.slice/auditd.service
             └─305 /sbin/auditd

جنوری 13 17:47:28 fuzzer-VirtualBox augenrules[320]: failure 1
جنوری 13 17:47:28 fuzzer-VirtualBox augenrules[320]: pid 305
جنوری 13 17:47:28 fuzzer-VirtualBox augenrules[320]: rate_limit 0
جنوری 13 17:47:28 fuzzer-VirtualBox augenrules[320]: backlog_limit 8192
جنوری 13 17:47:28 fuzzer-VirtualBox augenrules[320]: lost 0
جنوری 13 17:47:28 fuzzer-VirtualBox augenrules[320]: backlog 0
جنوری 13 17:47:28 fuzzer-VirtualBox augenrules[320]: backlog_wait_time 0
جنوری 13 17:47:27 fuzzer-VirtualBox systemd[1]: Started Security Auditing Service.
جنوری 13 17:56:22 fuzzer-VirtualBox auditd[305]: Audit daemon has no space left on logging partition
جنوری 13 17:56:22 fuzzer-VirtualBox auditd[305]: Audit daemon is suspending logging due to no space left on logging partition.
========================dmesg==============================================
[  777.699978] syz-executor uses obsolete (PF_INET,SOCK_PACKET)
[  792.009792] autofs4:pid:9042:autofs_fill_super: called with bogus options
[  792.194839] autofs4:pid:9044:autofs_fill_super: called with bogus options
[  792.373345] autofs4:pid:9046:autofs_fill_super: called with bogus options
[  792.535812] autofs4:pid:9048:autofs_fill_super: called with bogus options
[  854.191580] blk_update_request: I/O error, dev loop0, sector 0 op 0x1:(WRITE) flags 0x800 phys_seg 0 prio class 0
[  854.467155] blk_update_request: I/O error, dev loop0, sector 0 op 0x1:(WRITE) flags 0x800 phys_seg 0 prio class 0
[  854.702429] blk_update_request: I/O error, dev loop0, sector 0 op 0x1:(WRITE) flags 0x800 phys_seg 0 prio class 0
[  854.931043] blk_update_request: I/O error, dev loop0, sector 0 op 0x1:(WRITE) flags 0x800 phys_seg 0 prio class 0

------------------------------------------------------------------------------------------------

18:04:01 13/01/21

========================auditctl -s==============================================
enabled 1
failure 1
pid 305
rate_limit 0
backlog_limit 8192
lost 0
backlog 0
backlog_wait_time 0
loginuid_immutable 0 unlocked
========================audit status==============================================
● auditd.service - Security Auditing Service
     Loaded: loaded (/lib/systemd/system/auditd.service; enabled; vendor preset: enabled)
     Active: active (running) since Wed 2021-01-13 17:47:27 PKT; 16min ago
       Docs: man:auditd(8)
             https://github.com/linux-audit/audit-documentation
    Process: 303 ExecStart=/sbin/auditd (code=exited, status=0/SUCCESS)
    Process: 310 ExecStartPost=/sbin/augenrules --load (code=exited, status=0/SUCCESS)
   Main PID: 305 (auditd)
     CGroup: /system.slice/auditd.service
             └─305 /sbin/auditd

جنوری 13 17:47:28 fuzzer-VirtualBox augenrules[320]: failure 1
جنوری 13 17:47:28 fuzzer-VirtualBox augenrules[320]: pid 305
جنوری 13 17:47:28 fuzzer-VirtualBox augenrules[320]: rate_limit 0
جنوری 13 17:47:28 fuzzer-VirtualBox augenrules[320]: backlog_limit 8192
جنوری 13 17:47:28 fuzzer-VirtualBox augenrules[320]: lost 0
جنوری 13 17:47:28 fuzzer-VirtualBox augenrules[320]: backlog 0
جنوری 13 17:47:28 fuzzer-VirtualBox augenrules[320]: backlog_wait_time 0
جنوری 13 17:47:27 fuzzer-VirtualBox systemd[1]: Started Security Auditing Service.
جنوری 13 17:56:22 fuzzer-VirtualBox auditd[305]: Audit daemon has no space left on logging partition
جنوری 13 17:56:22 fuzzer-VirtualBox auditd[305]: Audit daemon is suspending logging due to no space left on logging partition.
========================dmesg==============================================
[  930.801240] hugetlbfs: Unknown parameter '&@\x81'
[  930.966535] hugetlbfs: Unknown parameter '&@\x81'
[  931.123552] hugetlbfs: Unknown parameter '&@\x81'
[  931.286610] hugetlbfs: Unknown parameter '&@\x81'

------------------------------------------------------------------------------------------------

18:06:01 13/01/21

========================auditctl -s==============================================
enabled 1
failure 1
pid 305
rate_limit 0
backlog_limit 8192
lost 0
backlog 0
backlog_wait_time 0
loginuid_immutable 0 unlocked
========================audit status==============================================
● auditd.service - Security Auditing Service
     Loaded: loaded (/lib/systemd/system/auditd.service; enabled; vendor preset: enabled)
     Active: active (running) since Wed 2021-01-13 17:47:27 PKT; 18min ago
       Docs: man:auditd(8)
             https://github.com/linux-audit/audit-documentation
    Process: 303 ExecStart=/sbin/auditd (code=exited, status=0/SUCCESS)
    Process: 310 ExecStartPost=/sbin/augenrules --load (code=exited, status=0/SUCCESS)
   Main PID: 305 (auditd)
     CGroup: /system.slice/auditd.service
             └─305 /sbin/auditd

جنوری 13 17:47:28 fuzzer-VirtualBox augenrules[320]: failure 1
جنوری 13 17:47:28 fuzzer-VirtualBox augenrules[320]: pid 305
جنوری 13 17:47:28 fuzzer-VirtualBox augenrules[320]: rate_limit 0
جنوری 13 17:47:28 fuzzer-VirtualBox augenrules[320]: backlog_limit 8192
جنوری 13 17:47:28 fuzzer-VirtualBox augenrules[320]: lost 0
جنوری 13 17:47:28 fuzzer-VirtualBox augenrules[320]: backlog 0
جنوری 13 17:47:28 fuzzer-VirtualBox augenrules[320]: backlog_wait_time 0
جنوری 13 17:47:27 fuzzer-VirtualBox systemd[1]: Started Security Auditing Service.
جنوری 13 17:56:22 fuzzer-VirtualBox auditd[305]: Audit daemon has no space left on logging partition
جنوری 13 17:56:22 fuzzer-VirtualBox auditd[305]: Audit daemon is suspending logging due to no space left on logging partition.
========================dmesg==============================================

------------------------------------------------------------------------------------------------

18:08:02 13/01/21

========================auditctl -s==============================================
enabled 1
failure 1
pid 305
rate_limit 0
backlog_limit 8192
lost 0
backlog 0
backlog_wait_time 0
loginuid_immutable 0 unlocked
========================audit status==============================================
● auditd.service - Security Auditing Service
     Loaded: loaded (/lib/systemd/system/auditd.service; enabled; vendor preset: enabled)
     Active: active (running) since Wed 2021-01-13 17:47:27 PKT; 20min ago
       Docs: man:auditd(8)
             https://github.com/linux-audit/audit-documentation
    Process: 303 ExecStart=/sbin/auditd (code=exited, status=0/SUCCESS)
    Process: 310 ExecStartPost=/sbin/augenrules --load (code=exited, status=0/SUCCESS)
   Main PID: 305 (auditd)
     CGroup: /system.slice/auditd.service
             └─305 /sbin/auditd

جنوری 13 17:47:28 fuzzer-VirtualBox augenrules[320]: failure 1
جنوری 13 17:47:28 fuzzer-VirtualBox augenrules[320]: pid 305
جنوری 13 17:47:28 fuzzer-VirtualBox augenrules[320]: rate_limit 0
جنوری 13 17:47:28 fuzzer-VirtualBox augenrules[320]: backlog_limit 8192
جنوری 13 17:47:28 fuzzer-VirtualBox augenrules[320]: lost 0
جنوری 13 17:47:28 fuzzer-VirtualBox augenrules[320]: backlog 0
جنوری 13 17:47:28 fuzzer-VirtualBox augenrules[320]: backlog_wait_time 0
جنوری 13 17:47:27 fuzzer-VirtualBox systemd[1]: Started Security Auditing Service.
جنوری 13 17:56:22 fuzzer-VirtualBox auditd[305]: Audit daemon has no space left on logging partition
جنوری 13 17:56:22 fuzzer-VirtualBox auditd[305]: Audit daemon is suspending logging due to no space left on logging partition.
========================dmesg==============================================
[ 1154.976030] cgroup: Unknown subsys name '$'
[ 1155.006819] cgroup: Unknown subsys name '$'
[ 1155.170883] cgroup: Unknown subsys name '$'
[ 1155.312275] cgroup: Unknown subsys name '$'
[ 1155.472559] cgroup: Unknown subsys name '$'
[ 1155.900424] EXT4-fs (sda5): re-mounted. Opts: (null)
[ 1155.947004] EXT4-fs (sda5): re-mounted. Opts: (null)
[ 1156.201329] EXT4-fs (sda5): re-mounted. Opts: (null)
[ 1156.430754] EXT4-fs (sda5): re-mounted. Opts: (null)
[ 1156.667744] EXT4-fs (sda5): re-mounted. Opts: (null)
[ 1223.199913] tmpfs: Unknown parameter '&@\x81'
[ 1223.348936] tmpfs: Unknown parameter '&@\x81'
[ 1223.500120] tmpfs: Unknown parameter '&@\x81'
[ 1223.649066] tmpfs: Unknown parameter '&@\x81'
[ 1226.807838] EXT4-fs (sda5): re-mounted. Opts: (null)
[ 1226.827819] EXT4-fs (sda5): re-mounted. Opts: (null)
[ 1226.921049] EXT4-fs (sda5): re-mounted. Opts: (null)
[ 1227.020606] EXT4-fs (sda5): re-mounted. Opts: (null)
[ 1227.111076] EXT4-fs (sda5): re-mounted. Opts: (null)
[ 1227.213324] EXT4-fs (sda5): re-mounted. Opts: (null)
[ 1227.290376] EXT4-fs (sda5): re-mounted. Opts: (null)
[ 1227.369328] EXT4-fs (sda5): re-mounted. Opts: (null)

------------------------------------------------------------------------------------------------

18:10:01 13/01/21

========================auditctl -s==============================================
enabled 1
failure 1
pid 305
rate_limit 0
backlog_limit 8192
lost 0
backlog 0
backlog_wait_time 0
loginuid_immutable 0 unlocked
========================audit status==============================================
● auditd.service - Security Auditing Service
     Loaded: loaded (/lib/systemd/system/auditd.service; enabled; vendor preset: enabled)
     Active: active (running) since Wed 2021-01-13 17:47:27 PKT; 22min ago
       Docs: man:auditd(8)
             https://github.com/linux-audit/audit-documentation
    Process: 303 ExecStart=/sbin/auditd (code=exited, status=0/SUCCESS)
    Process: 310 ExecStartPost=/sbin/augenrules --load (code=exited, status=0/SUCCESS)
   Main PID: 305 (auditd)
     CGroup: /system.slice/auditd.service
             └─305 /sbin/auditd

جنوری 13 17:47:28 fuzzer-VirtualBox augenrules[320]: failure 1
جنوری 13 17:47:28 fuzzer-VirtualBox augenrules[320]: pid 305
جنوری 13 17:47:28 fuzzer-VirtualBox augenrules[320]: rate_limit 0
جنوری 13 17:47:28 fuzzer-VirtualBox augenrules[320]: backlog_limit 8192
جنوری 13 17:47:28 fuzzer-VirtualBox augenrules[320]: lost 0
جنوری 13 17:47:28 fuzzer-VirtualBox augenrules[320]: backlog 0
جنوری 13 17:47:28 fuzzer-VirtualBox augenrules[320]: backlog_wait_time 0
جنوری 13 17:47:27 fuzzer-VirtualBox systemd[1]: Started Security Auditing Service.
جنوری 13 17:56:22 fuzzer-VirtualBox auditd[305]: Audit daemon has no space left on logging partition
جنوری 13 17:56:22 fuzzer-VirtualBox auditd[305]: Audit daemon is suspending logging due to no space left on logging partition.
========================dmesg==============================================

------------------------------------------------------------------------------------------------

18:12:01 13/01/21

========================auditctl -s==============================================
enabled 1
failure 1
pid 305
rate_limit 0
backlog_limit 8192
lost 0
backlog 0
backlog_wait_time 0
loginuid_immutable 0 unlocked
========================audit status==============================================
● auditd.service - Security Auditing Service
     Loaded: loaded (/lib/systemd/system/auditd.service; enabled; vendor preset: enabled)
     Active: active (running) since Wed 2021-01-13 17:47:27 PKT; 24min ago
       Docs: man:auditd(8)
             https://github.com/linux-audit/audit-documentation
    Process: 303 ExecStart=/sbin/auditd (code=exited, status=0/SUCCESS)
    Process: 310 ExecStartPost=/sbin/augenrules --load (code=exited, status=0/SUCCESS)
   Main PID: 305 (auditd)
     CGroup: /system.slice/auditd.service
             └─305 /sbin/auditd

جنوری 13 17:47:28 fuzzer-VirtualBox augenrules[320]: failure 1
جنوری 13 17:47:28 fuzzer-VirtualBox augenrules[320]: pid 305
جنوری 13 17:47:28 fuzzer-VirtualBox augenrules[320]: rate_limit 0
جنوری 13 17:47:28 fuzzer-VirtualBox augenrules[320]: backlog_limit 8192
جنوری 13 17:47:28 fuzzer-VirtualBox augenrules[320]: lost 0
جنوری 13 17:47:28 fuzzer-VirtualBox augenrules[320]: backlog 0
جنوری 13 17:47:28 fuzzer-VirtualBox augenrules[320]: backlog_wait_time 0
جنوری 13 17:47:27 fuzzer-VirtualBox systemd[1]: Started Security Auditing Service.
جنوری 13 17:56:22 fuzzer-VirtualBox auditd[305]: Audit daemon has no space left on logging partition
جنوری 13 17:56:22 fuzzer-VirtualBox auditd[305]: Audit daemon is suspending logging due to no space left on logging partition.
========================dmesg==============================================
[ 1397.466645] autofs4:pid:16049:autofs_fill_super: called with bogus options
[ 1397.639102] autofs4:pid:16051:autofs_fill_super: called with bogus options
[ 1397.795749] autofs4:pid:16053:autofs_fill_super: called with bogus options
[ 1397.937447] autofs4:pid:16055:autofs_fill_super: called with bogus options
[ 1421.712178] devtmpfs: Unknown parameter '	
               \xbe\xb6Z'
[ 1421.745259] devtmpfs: Unknown parameter '	
               \xbe\xb6Z'
[ 1421.950619] devtmpfs: Unknown parameter '	
               \xbe\xb6Z'
[ 1422.140588] devtmpfs: Unknown parameter '	
               \xbe\xb6Z'
[ 1422.333934] devtmpfs: Unknown parameter '	
               \xbe\xb6Z'
[ 1458.750959] mqueue: Unknown parameter '<\^]t\xc6r\xfc\x99\x99\x8c\xf4\x9a\x94\xe8ܿ\x85\x89\xc9'
[ 1459.245851] mqueue: Unknown parameter '<\^]t\xc6r\xfc\x99\x99\x8c\xf4\x9a\x94\xe8ܿ\x85\x89\xc9'
[ 1460.065120] mqueue: Unknown parameter '<\^]t\xc6r\xfc\x99\x99\x8c\xf4\x9a\x94\xe8ܿ\x85\x89\xc9'
[ 1460.333163] mqueue: Unknown parameter '<\^]t\xc6r\xfc\x99\x99\x8c\xf4\x9a\x94\xe8ܿ\x85\x89\xc9'
[ 1462.052250] devpts: called with bogus options
[ 1462.210940] devpts: called with bogus options
[ 1462.358205] devpts: called with bogus options
[ 1462.504008] devpts: called with bogus options

------------------------------------------------------------------------------------------------

18:14:01 13/01/21

========================auditctl -s==============================================
enabled 1
failure 1
pid 305
rate_limit 0
backlog_limit 8192
lost 0
backlog 0
backlog_wait_time 0
loginuid_immutable 0 unlocked
========================audit status==============================================
● auditd.service - Security Auditing Service
     Loaded: loaded (/lib/systemd/system/auditd.service; enabled; vendor preset: enabled)
     Active: active (running) since Wed 2021-01-13 17:47:27 PKT; 26min ago
       Docs: man:auditd(8)
             https://github.com/linux-audit/audit-documentation
    Process: 303 ExecStart=/sbin/auditd (code=exited, status=0/SUCCESS)
    Process: 310 ExecStartPost=/sbin/augenrules --load (code=exited, status=0/SUCCESS)
   Main PID: 305 (auditd)
     CGroup: /system.slice/auditd.service
             └─305 /sbin/auditd

جنوری 13 17:47:28 fuzzer-VirtualBox augenrules[320]: failure 1
جنوری 13 17:47:28 fuzzer-VirtualBox augenrules[320]: pid 305
جنوری 13 17:47:28 fuzzer-VirtualBox augenrules[320]: rate_limit 0
جنوری 13 17:47:28 fuzzer-VirtualBox augenrules[320]: backlog_limit 8192
جنوری 13 17:47:28 fuzzer-VirtualBox augenrules[320]: lost 0
جنوری 13 17:47:28 fuzzer-VirtualBox augenrules[320]: backlog 0
جنوری 13 17:47:28 fuzzer-VirtualBox augenrules[320]: backlog_wait_time 0
جنوری 13 17:47:27 fuzzer-VirtualBox systemd[1]: Started Security Auditing Service.
جنوری 13 17:56:22 fuzzer-VirtualBox auditd[305]: Audit daemon has no space left on logging partition
جنوری 13 17:56:22 fuzzer-VirtualBox auditd[305]: Audit daemon is suspending logging due to no space left on logging partition.
========================dmesg==============================================
[ 1513.055951] Process accounting resumed
[ 1517.347579] Process accounting resumed
[ 1568.539105] NFS4: mount program didn't pass any mount data
[ 1568.693420] NFS4: mount program didn't pass any mount data
[ 1568.854317] NFS4: mount program didn't pass any mount data
[ 1569.006525] NFS4: mount program didn't pass any mount data

------------------------------------------------------------------------------------------------

18:16:01 13/01/21

========================auditctl -s==============================================
enabled 1
failure 1
pid 305
rate_limit 0
backlog_limit 8192
lost 0
backlog 0
backlog_wait_time 0
loginuid_immutable 0 unlocked
========================audit status==============================================
● auditd.service - Security Auditing Service
     Loaded: loaded (/lib/systemd/system/auditd.service; enabled; vendor preset: enabled)
     Active: active (running) since Wed 2021-01-13 17:47:27 PKT; 28min ago
       Docs: man:auditd(8)
             https://github.com/linux-audit/audit-documentation
    Process: 303 ExecStart=/sbin/auditd (code=exited, status=0/SUCCESS)
    Process: 310 ExecStartPost=/sbin/augenrules --load (code=exited, status=0/SUCCESS)
   Main PID: 305 (auditd)
     CGroup: /system.slice/auditd.service
             └─305 /sbin/auditd

جنوری 13 17:47:28 fuzzer-VirtualBox augenrules[320]: failure 1
جنوری 13 17:47:28 fuzzer-VirtualBox augenrules[320]: pid 305
جنوری 13 17:47:28 fuzzer-VirtualBox augenrules[320]: rate_limit 0
جنوری 13 17:47:28 fuzzer-VirtualBox augenrules[320]: backlog_limit 8192
جنوری 13 17:47:28 fuzzer-VirtualBox augenrules[320]: lost 0
جنوری 13 17:47:28 fuzzer-VirtualBox augenrules[320]: backlog 0
جنوری 13 17:47:28 fuzzer-VirtualBox augenrules[320]: backlog_wait_time 0
جنوری 13 17:47:27 fuzzer-VirtualBox systemd[1]: Started Security Auditing Service.
جنوری 13 17:56:22 fuzzer-VirtualBox auditd[305]: Audit daemon has no space left on logging partition
جنوری 13 17:56:22 fuzzer-VirtualBox auditd[305]: Audit daemon is suspending logging due to no space left on logging partition.
========================dmesg==============================================

------------------------------------------------------------------------------------------------

18:18:01 13/01/21

========================auditctl -s==============================================
enabled 1
failure 1
pid 305
rate_limit 0
backlog_limit 8192
lost 0
backlog 0
backlog_wait_time 0
loginuid_immutable 0 unlocked
========================audit status==============================================
● auditd.service - Security Auditing Service
     Loaded: loaded (/lib/systemd/system/auditd.service; enabled; vendor preset: enabled)
     Active: active (running) since Wed 2021-01-13 17:47:27 PKT; 30min ago
       Docs: man:auditd(8)
             https://github.com/linux-audit/audit-documentation
    Process: 303 ExecStart=/sbin/auditd (code=exited, status=0/SUCCESS)
    Process: 310 ExecStartPost=/sbin/augenrules --load (code=exited, status=0/SUCCESS)
   Main PID: 305 (auditd)
     CGroup: /system.slice/auditd.service
             └─305 /sbin/auditd

جنوری 13 17:47:28 fuzzer-VirtualBox augenrules[320]: failure 1
جنوری 13 17:47:28 fuzzer-VirtualBox augenrules[320]: pid 305
جنوری 13 17:47:28 fuzzer-VirtualBox augenrules[320]: rate_limit 0
جنوری 13 17:47:28 fuzzer-VirtualBox augenrules[320]: backlog_limit 8192
جنوری 13 17:47:28 fuzzer-VirtualBox augenrules[320]: lost 0
جنوری 13 17:47:28 fuzzer-VirtualBox augenrules[320]: backlog 0
جنوری 13 17:47:28 fuzzer-VirtualBox augenrules[320]: backlog_wait_time 0
جنوری 13 17:47:27 fuzzer-VirtualBox systemd[1]: Started Security Auditing Service.
جنوری 13 17:56:22 fuzzer-VirtualBox auditd[305]: Audit daemon has no space left on logging partition
جنوری 13 17:56:22 fuzzer-VirtualBox auditd[305]: Audit daemon is suspending logging due to no space left on logging partition.
========================dmesg==============================================

------------------------------------------------------------------------------------------------

18:20:01 13/01/21

========================auditctl -s==============================================
enabled 1
failure 1
pid 305
rate_limit 0
backlog_limit 8192
lost 0
backlog 0
backlog_wait_time 0
loginuid_immutable 0 unlocked
========================audit status==============================================
● auditd.service - Security Auditing Service
     Loaded: loaded (/lib/systemd/system/auditd.service; enabled; vendor preset: enabled)
     Active: active (running) since Wed 2021-01-13 17:47:27 PKT; 32min ago
       Docs: man:auditd(8)
             https://github.com/linux-audit/audit-documentation
    Process: 303 ExecStart=/sbin/auditd (code=exited, status=0/SUCCESS)
    Process: 310 ExecStartPost=/sbin/augenrules --load (code=exited, status=0/SUCCESS)
   Main PID: 305 (auditd)
     CGroup: /system.slice/auditd.service
             └─305 /sbin/auditd

جنوری 13 17:47:28 fuzzer-VirtualBox augenrules[320]: failure 1
جنوری 13 17:47:28 fuzzer-VirtualBox augenrules[320]: pid 305
جنوری 13 17:47:28 fuzzer-VirtualBox augenrules[320]: rate_limit 0
جنوری 13 17:47:28 fuzzer-VirtualBox augenrules[320]: backlog_limit 8192
جنوری 13 17:47:28 fuzzer-VirtualBox augenrules[320]: lost 0
جنوری 13 17:47:28 fuzzer-VirtualBox augenrules[320]: backlog 0
جنوری 13 17:47:28 fuzzer-VirtualBox augenrules[320]: backlog_wait_time 0
جنوری 13 17:47:27 fuzzer-VirtualBox systemd[1]: Started Security Auditing Service.
جنوری 13 17:56:22 fuzzer-VirtualBox auditd[305]: Audit daemon has no space left on logging partition
جنوری 13 17:56:22 fuzzer-VirtualBox auditd[305]: Audit daemon is suspending logging due to no space left on logging partition.
========================dmesg==============================================

------------------------------------------------------------------------------------------------

18:22:01 13/01/21

========================auditctl -s==============================================
enabled 1
failure 1
pid 305
rate_limit 0
backlog_limit 8192
lost 0
backlog 0
backlog_wait_time 0
loginuid_immutable 0 unlocked
========================audit status==============================================
● auditd.service - Security Auditing Service
     Loaded: loaded (/lib/systemd/system/auditd.service; enabled; vendor preset: enabled)
     Active: active (running) since Wed 2021-01-13 17:47:27 PKT; 34min ago
       Docs: man:auditd(8)
             https://github.com/linux-audit/audit-documentation
    Process: 303 ExecStart=/sbin/auditd (code=exited, status=0/SUCCESS)
    Process: 310 ExecStartPost=/sbin/augenrules --load (code=exited, status=0/SUCCESS)
   Main PID: 305 (auditd)
     CGroup: /system.slice/auditd.service
             └─305 /sbin/auditd

جنوری 13 17:47:28 fuzzer-VirtualBox augenrules[320]: failure 1
جنوری 13 17:47:28 fuzzer-VirtualBox augenrules[320]: pid 305
جنوری 13 17:47:28 fuzzer-VirtualBox augenrules[320]: rate_limit 0
جنوری 13 17:47:28 fuzzer-VirtualBox augenrules[320]: backlog_limit 8192
جنوری 13 17:47:28 fuzzer-VirtualBox augenrules[320]: lost 0
جنوری 13 17:47:28 fuzzer-VirtualBox augenrules[320]: backlog 0
جنوری 13 17:47:28 fuzzer-VirtualBox augenrules[320]: backlog_wait_time 0
جنوری 13 17:47:27 fuzzer-VirtualBox systemd[1]: Started Security Auditing Service.
جنوری 13 17:56:22 fuzzer-VirtualBox auditd[305]: Audit daemon has no space left on logging partition
جنوری 13 17:56:22 fuzzer-VirtualBox auditd[305]: Audit daemon is suspending logging due to no space left on logging partition.
========================dmesg==============================================
[ 1991.811993] new mount options do not match the existing superblock, will be ignored
[ 1991.839297] new mount options do not match the existing superblock, will be ignored
[ 1991.987446] new mount options do not match the existing superblock, will be ignored
[ 1992.147610] new mount options do not match the existing superblock, will be ignored
[ 1992.309018] new mount options do not match the existing superblock, will be ignored

------------------------------------------------------------------------------------------------

18:24:01 13/01/21

========================auditctl -s==============================================
enabled 1
failure 1
pid 305
rate_limit 0
backlog_limit 8192
lost 0
backlog 0
backlog_wait_time 0
loginuid_immutable 0 unlocked
========================audit status==============================================
● auditd.service - Security Auditing Service
     Loaded: loaded (/lib/systemd/system/auditd.service; enabled; vendor preset: enabled)
     Active: active (running) since Wed 2021-01-13 17:47:27 PKT; 36min ago
       Docs: man:auditd(8)
             https://github.com/linux-audit/audit-documentation
    Process: 303 ExecStart=/sbin/auditd (code=exited, status=0/SUCCESS)
    Process: 310 ExecStartPost=/sbin/augenrules --load (code=exited, status=0/SUCCESS)
   Main PID: 305 (auditd)
     CGroup: /system.slice/auditd.service
             └─305 /sbin/auditd

جنوری 13 17:47:28 fuzzer-VirtualBox augenrules[320]: failure 1
جنوری 13 17:47:28 fuzzer-VirtualBox augenrules[320]: pid 305
جنوری 13 17:47:28 fuzzer-VirtualBox augenrules[320]: rate_limit 0
جنوری 13 17:47:28 fuzzer-VirtualBox augenrules[320]: backlog_limit 8192
جنوری 13 17:47:28 fuzzer-VirtualBox augenrules[320]: lost 0
جنوری 13 17:47:28 fuzzer-VirtualBox augenrules[320]: backlog 0
جنوری 13 17:47:28 fuzzer-VirtualBox augenrules[320]: backlog_wait_time 0
جنوری 13 17:47:27 fuzzer-VirtualBox systemd[1]: Started Security Auditing Service.
جنوری 13 17:56:22 fuzzer-VirtualBox auditd[305]: Audit daemon has no space left on logging partition
جنوری 13 17:56:22 fuzzer-VirtualBox auditd[305]: Audit daemon is suspending logging due to no space left on logging partition.
========================dmesg==============================================

------------------------------------------------------------------------------------------------

18:26:01 13/01/21

========================auditctl -s==============================================
enabled 1
failure 1
pid 305
rate_limit 0
backlog_limit 8192
lost 0
backlog 0
backlog_wait_time 0
loginuid_immutable 0 unlocked
========================audit status==============================================
● auditd.service - Security Auditing Service
     Loaded: loaded (/lib/systemd/system/auditd.service; enabled; vendor preset: enabled)
     Active: active (running) since Wed 2021-01-13 17:47:27 PKT; 38min ago
       Docs: man:auditd(8)
             https://github.com/linux-audit/audit-documentation
    Process: 303 ExecStart=/sbin/auditd (code=exited, status=0/SUCCESS)
    Process: 310 ExecStartPost=/sbin/augenrules --load (code=exited, status=0/SUCCESS)
   Main PID: 305 (auditd)
     CGroup: /system.slice/auditd.service
             └─305 /sbin/auditd

جنوری 13 17:47:28 fuzzer-VirtualBox augenrules[320]: failure 1
جنوری 13 17:47:28 fuzzer-VirtualBox augenrules[320]: pid 305
جنوری 13 17:47:28 fuzzer-VirtualBox augenrules[320]: rate_limit 0
جنوری 13 17:47:28 fuzzer-VirtualBox augenrules[320]: backlog_limit 8192
جنوری 13 17:47:28 fuzzer-VirtualBox augenrules[320]: lost 0
جنوری 13 17:47:28 fuzzer-VirtualBox augenrules[320]: backlog 0
جنوری 13 17:47:28 fuzzer-VirtualBox augenrules[320]: backlog_wait_time 0
جنوری 13 17:47:27 fuzzer-VirtualBox systemd[1]: Started Security Auditing Service.
جنوری 13 17:56:22 fuzzer-VirtualBox auditd[305]: Audit daemon has no space left on logging partition
جنوری 13 17:56:22 fuzzer-VirtualBox auditd[305]: Audit daemon is suspending logging due to no space left on logging partition.
========================dmesg==============================================

------------------------------------------------------------------------------------------------

18:28:01 13/01/21

========================auditctl -s==============================================
enabled 1
failure 1
pid 305
rate_limit 0
backlog_limit 8192
lost 0
backlog 0
backlog_wait_time 0
loginuid_immutable 0 unlocked
========================audit status==============================================
● auditd.service - Security Auditing Service
     Loaded: loaded (/lib/systemd/system/auditd.service; enabled; vendor preset: enabled)
     Active: active (running) since Wed 2021-01-13 17:47:27 PKT; 40min ago
       Docs: man:auditd(8)
             https://github.com/linux-audit/audit-documentation
    Process: 303 ExecStart=/sbin/auditd (code=exited, status=0/SUCCESS)
    Process: 310 ExecStartPost=/sbin/augenrules --load (code=exited, status=0/SUCCESS)
   Main PID: 305 (auditd)
     CGroup: /system.slice/auditd.service
             └─305 /sbin/auditd

جنوری 13 17:47:28 fuzzer-VirtualBox augenrules[320]: failure 1
جنوری 13 17:47:28 fuzzer-VirtualBox augenrules[320]: pid 305
جنوری 13 17:47:28 fuzzer-VirtualBox augenrules[320]: rate_limit 0
جنوری 13 17:47:28 fuzzer-VirtualBox augenrules[320]: backlog_limit 8192
جنوری 13 17:47:28 fuzzer-VirtualBox augenrules[320]: lost 0
جنوری 13 17:47:28 fuzzer-VirtualBox augenrules[320]: backlog 0
جنوری 13 17:47:28 fuzzer-VirtualBox augenrules[320]: backlog_wait_time 0
جنوری 13 17:47:27 fuzzer-VirtualBox systemd[1]: Started Security Auditing Service.
جنوری 13 17:56:22 fuzzer-VirtualBox auditd[305]: Audit daemon has no space left on logging partition
جنوری 13 17:56:22 fuzzer-VirtualBox auditd[305]: Audit daemon is suspending logging due to no space left on logging partition.
========================dmesg==============================================
[ 2378.311280] devtmpfs: Unknown parameter ''
[ 2378.342414] devtmpfs: Unknown parameter ''
[ 2378.645748] devtmpfs: Unknown parameter ''
[ 2378.841336] devtmpfs: Unknown parameter ''
[ 2379.051096] devtmpfs: Unknown parameter ''
[ 2381.506769] EXT4-fs (sda5): Unrecognized mount option "=%!@" or missing value
[ 2381.575268] EXT4-fs (sda5): Unrecognized mount option "=%!@" or missing value

------------------------------------------------------------------------------------------------

18:30:01 13/01/21

========================auditctl -s==============================================
enabled 1
failure 1
pid 305
rate_limit 0
backlog_limit 8192
lost 0
backlog 0
backlog_wait_time 0
loginuid_immutable 0 unlocked
========================audit status==============================================
● auditd.service - Security Auditing Service
     Loaded: loaded (/lib/systemd/system/auditd.service; enabled; vendor preset: enabled)
     Active: active (running) since Wed 2021-01-13 17:47:27 PKT; 42min ago
       Docs: man:auditd(8)
             https://github.com/linux-audit/audit-documentation
    Process: 303 ExecStart=/sbin/auditd (code=exited, status=0/SUCCESS)
    Process: 310 ExecStartPost=/sbin/augenrules --load (code=exited, status=0/SUCCESS)
   Main PID: 305 (auditd)
     CGroup: /system.slice/auditd.service
             └─305 /sbin/auditd

جنوری 13 17:47:28 fuzzer-VirtualBox augenrules[320]: failure 1
جنوری 13 17:47:28 fuzzer-VirtualBox augenrules[320]: pid 305
جنوری 13 17:47:28 fuzzer-VirtualBox augenrules[320]: rate_limit 0
جنوری 13 17:47:28 fuzzer-VirtualBox augenrules[320]: backlog_limit 8192
جنوری 13 17:47:28 fuzzer-VirtualBox augenrules[320]: lost 0
جنوری 13 17:47:28 fuzzer-VirtualBox augenrules[320]: backlog 0
جنوری 13 17:47:28 fuzzer-VirtualBox augenrules[320]: backlog_wait_time 0
جنوری 13 17:47:27 fuzzer-VirtualBox systemd[1]: Started Security Auditing Service.
جنوری 13 17:56:22 fuzzer-VirtualBox auditd[305]: Audit daemon has no space left on logging partition
جنوری 13 17:56:22 fuzzer-VirtualBox auditd[305]: Audit daemon is suspending logging due to no space left on logging partition.
========================dmesg==============================================
[ 2461.160192] blk_update_request: I/O error, dev loop0, sector 0 op 0x1:(WRITE) flags 0x800 phys_seg 0 prio class 0
[ 2467.317351] proc: Unknown parameter '
               _\xe4\xbdޔ3?]|'
[ 2467.331610] proc: Unknown parameter '
               _\xe4\xbdޔ3?]|'
[ 2547.354733] mqueue: Unknown parameter '&@\x81'
[ 2547.372184] mqueue: Unknown parameter '&@\x81'

------------------------------------------------------------------------------------------------

18:32:01 13/01/21

========================auditctl -s==============================================
enabled 1
failure 1
pid 305
rate_limit 0
backlog_limit 8192
lost 0
backlog 0
backlog_wait_time 0
loginuid_immutable 0 unlocked
========================audit status==============================================
● auditd.service - Security Auditing Service
     Loaded: loaded (/lib/systemd/system/auditd.service; enabled; vendor preset: enabled)
     Active: active (running) since Wed 2021-01-13 17:47:27 PKT; 44min ago
       Docs: man:auditd(8)
             https://github.com/linux-audit/audit-documentation
    Process: 303 ExecStart=/sbin/auditd (code=exited, status=0/SUCCESS)
    Process: 310 ExecStartPost=/sbin/augenrules --load (code=exited, status=0/SUCCESS)
   Main PID: 305 (auditd)
     CGroup: /system.slice/auditd.service
             └─305 /sbin/auditd

جنوری 13 17:47:28 fuzzer-VirtualBox augenrules[320]: failure 1
جنوری 13 17:47:28 fuzzer-VirtualBox augenrules[320]: pid 305
جنوری 13 17:47:28 fuzzer-VirtualBox augenrules[320]: rate_limit 0
جنوری 13 17:47:28 fuzzer-VirtualBox augenrules[320]: backlog_limit 8192
جنوری 13 17:47:28 fuzzer-VirtualBox augenrules[320]: lost 0
جنوری 13 17:47:28 fuzzer-VirtualBox augenrules[320]: backlog 0
جنوری 13 17:47:28 fuzzer-VirtualBox augenrules[320]: backlog_wait_time 0
جنوری 13 17:47:27 fuzzer-VirtualBox systemd[1]: Started Security Auditing Service.
جنوری 13 17:56:22 fuzzer-VirtualBox auditd[305]: Audit daemon has no space left on logging partition
جنوری 13 17:56:22 fuzzer-VirtualBox auditd[305]: Audit daemon is suspending logging due to no space left on logging partition.
========================dmesg==============================================
[ 2665.528354] EXT4-fs (sda5): re-mounted. Opts: (null)
[ 2665.550339] EXT4-fs (sda5): re-mounted. Opts: (null)
[ 2665.784965] EXT4-fs (sda5): re-mounted. Opts: (null)
[ 2666.050117] EXT4-fs (sda5): re-mounted. Opts: (null)
[ 2666.302423] EXT4-fs (sda5): re-mounted. Opts: (null)
[ 2672.411086] autofs4:pid:29722:autofs_fill_super: called with bogus options
[ 2672.445140] autofs4:pid:29722:autofs_fill_super: called with bogus options
[ 2680.137802] Process accounting resumed

------------------------------------------------------------------------------------------------

18:34:01 13/01/21

========================auditctl -s==============================================
enabled 1
failure 1
pid 305
rate_limit 0
backlog_limit 8192
lost 0
backlog 0
backlog_wait_time 0
loginuid_immutable 0 unlocked
========================audit status==============================================
● auditd.service - Security Auditing Service
     Loaded: loaded (/lib/systemd/system/auditd.service; enabled; vendor preset: enabled)
     Active: active (running) since Wed 2021-01-13 17:47:27 PKT; 46min ago
       Docs: man:auditd(8)
             https://github.com/linux-audit/audit-documentation
    Process: 303 ExecStart=/sbin/auditd (code=exited, status=0/SUCCESS)
    Process: 310 ExecStartPost=/sbin/augenrules --load (code=exited, status=0/SUCCESS)
   Main PID: 305 (auditd)
     CGroup: /system.slice/auditd.service
             └─305 /sbin/auditd

جنوری 13 17:47:28 fuzzer-VirtualBox augenrules[320]: failure 1
جنوری 13 17:47:28 fuzzer-VirtualBox augenrules[320]: pid 305
جنوری 13 17:47:28 fuzzer-VirtualBox augenrules[320]: rate_limit 0
جنوری 13 17:47:28 fuzzer-VirtualBox augenrules[320]: backlog_limit 8192
جنوری 13 17:47:28 fuzzer-VirtualBox augenrules[320]: lost 0
جنوری 13 17:47:28 fuzzer-VirtualBox augenrules[320]: backlog 0
جنوری 13 17:47:28 fuzzer-VirtualBox augenrules[320]: backlog_wait_time 0
جنوری 13 17:47:27 fuzzer-VirtualBox systemd[1]: Started Security Auditing Service.
جنوری 13 17:56:22 fuzzer-VirtualBox auditd[305]: Audit daemon has no space left on logging partition
جنوری 13 17:56:22 fuzzer-VirtualBox auditd[305]: Audit daemon is suspending logging due to no space left on logging partition.
========================dmesg==============================================
[ 2694.581673] devtmpfs: Unknown parameter ''
[ 2694.610254] devtmpfs: Unknown parameter ''
[ 2713.732986] NFS: mount program didn't pass any mount data
[ 2713.765462] NFS: mount program didn't pass any mount data
[ 2776.202053] hugetlbfs: Unknown parameter '&@\x81'

------------------------------------------------------------------------------------------------

18:36:01 13/01/21

========================auditctl -s==============================================
enabled 1
failure 1
pid 305
rate_limit 0
backlog_limit 8192
lost 0
backlog 0
backlog_wait_time 0
loginuid_immutable 0 unlocked
========================audit status==============================================
● auditd.service - Security Auditing Service
     Loaded: loaded (/lib/systemd/system/auditd.service; enabled; vendor preset: enabled)
     Active: active (running) since Wed 2021-01-13 17:47:27 PKT; 48min ago
       Docs: man:auditd(8)
             https://github.com/linux-audit/audit-documentation
    Process: 303 ExecStart=/sbin/auditd (code=exited, status=0/SUCCESS)
    Process: 310 ExecStartPost=/sbin/augenrules --load (code=exited, status=0/SUCCESS)
   Main PID: 305 (auditd)
     CGroup: /system.slice/auditd.service
             └─305 /sbin/auditd

جنوری 13 17:47:28 fuzzer-VirtualBox augenrules[320]: failure 1
جنوری 13 17:47:28 fuzzer-VirtualBox augenrules[320]: pid 305
جنوری 13 17:47:28 fuzzer-VirtualBox augenrules[320]: rate_limit 0
جنوری 13 17:47:28 fuzzer-VirtualBox augenrules[320]: backlog_limit 8192
جنوری 13 17:47:28 fuzzer-VirtualBox augenrules[320]: lost 0
جنوری 13 17:47:28 fuzzer-VirtualBox augenrules[320]: backlog 0
جنوری 13 17:47:28 fuzzer-VirtualBox augenrules[320]: backlog_wait_time 0
جنوری 13 17:47:27 fuzzer-VirtualBox systemd[1]: Started Security Auditing Service.
جنوری 13 17:56:22 fuzzer-VirtualBox auditd[305]: Audit daemon has no space left on logging partition
جنوری 13 17:56:22 fuzzer-VirtualBox auditd[305]: Audit daemon is suspending logging due to no space left on logging partition.
========================dmesg==============================================
[ 2821.434006] Process accounting resumed
[ 2821.452801] Process accounting resumed
[ 2890.673452] sysfs: Unknown parameter '{<*'
[ 2896.066299] devtmpfs: Unknown parameter ''
[ 2896.101856] devtmpfs: Unknown parameter ''
[ 2920.395605] Process accounting resumed
[ 2920.430596] Process accounting resumed
[ 2920.598404] Process accounting resumed
[ 2920.761371] Process accounting resumed
[ 2920.924915] Process accounting resumed

------------------------------------------------------------------------------------------------

18:38:01 13/01/21

========================auditctl -s==============================================
enabled 1
failure 1
pid 305
rate_limit 0
backlog_limit 8192
lost 0
backlog 0
backlog_wait_time 0
loginuid_immutable 0 unlocked
========================audit status==============================================
● auditd.service - Security Auditing Service
     Loaded: loaded (/lib/systemd/system/auditd.service; enabled; vendor preset: enabled)
     Active: active (running) since Wed 2021-01-13 17:47:27 PKT; 50min ago
       Docs: man:auditd(8)
             https://github.com/linux-audit/audit-documentation
    Process: 303 ExecStart=/sbin/auditd (code=exited, status=0/SUCCESS)
    Process: 310 ExecStartPost=/sbin/augenrules --load (code=exited, status=0/SUCCESS)
   Main PID: 305 (auditd)
     CGroup: /system.slice/auditd.service
             └─305 /sbin/auditd

جنوری 13 17:47:28 fuzzer-VirtualBox augenrules[320]: failure 1
جنوری 13 17:47:28 fuzzer-VirtualBox augenrules[320]: pid 305
جنوری 13 17:47:28 fuzzer-VirtualBox augenrules[320]: rate_limit 0
جنوری 13 17:47:28 fuzzer-VirtualBox augenrules[320]: backlog_limit 8192
جنوری 13 17:47:28 fuzzer-VirtualBox augenrules[320]: lost 0
جنوری 13 17:47:28 fuzzer-VirtualBox augenrules[320]: backlog 0
جنوری 13 17:47:28 fuzzer-VirtualBox augenrules[320]: backlog_wait_time 0
جنوری 13 17:47:27 fuzzer-VirtualBox systemd[1]: Started Security Auditing Service.
جنوری 13 17:56:22 fuzzer-VirtualBox auditd[305]: Audit daemon has no space left on logging partition
جنوری 13 17:56:22 fuzzer-VirtualBox auditd[305]: Audit daemon is suspending logging due to no space left on logging partition.
========================dmesg==============================================
[ 2941.455154] NFS4: mount program didn't pass any mount data
[ 2974.420105] devpts: called with bogus options
[ 3006.530591] proc: Unknown parameter '
               _\xe4\xbdޔ3?]|'
[ 3006.546168] proc: Unknown parameter '
               _\xe4\xbdޔ3?]|'
[ 3018.483887] EXT4-fs (sda5): re-mounted. Opts: (null)
[ 3018.556924] EXT4-fs (sda5): re-mounted. Opts: (null)
[ 3024.922620] EXT4-fs (sda5): Unrecognized mount option "=%!@" or missing value
[ 3024.961700] EXT4-fs (sda5): Unrecognized mount option "=%!@" or missing value
[ 3025.223833] EXT4-fs (sda5): Unrecognized mount option "=%!@" or missing value
[ 3026.188843] EXT4-fs (sda5): Unrecognized mount option "=%!@" or missing value
[ 3026.437413] EXT4-fs (sda5): Unrecognized mount option "=%!@" or missing value

------------------------------------------------------------------------------------------------

18:40:01 13/01/21

========================auditctl -s==============================================
enabled 1
failure 1
pid 305
rate_limit 0
backlog_limit 8192
lost 0
backlog 0
backlog_wait_time 0
loginuid_immutable 0 unlocked
========================audit status==============================================
● auditd.service - Security Auditing Service
     Loaded: loaded (/lib/systemd/system/auditd.service; enabled; vendor preset: enabled)
     Active: active (running) since Wed 2021-01-13 17:47:27 PKT; 52min ago
       Docs: man:auditd(8)
             https://github.com/linux-audit/audit-documentation
    Process: 303 ExecStart=/sbin/auditd (code=exited, status=0/SUCCESS)
    Process: 310 ExecStartPost=/sbin/augenrules --load (code=exited, status=0/SUCCESS)
   Main PID: 305 (auditd)
     CGroup: /system.slice/auditd.service
             └─305 /sbin/auditd

جنوری 13 17:47:28 fuzzer-VirtualBox augenrules[320]: failure 1
جنوری 13 17:47:28 fuzzer-VirtualBox augenrules[320]: pid 305
جنوری 13 17:47:28 fuzzer-VirtualBox augenrules[320]: rate_limit 0
جنوری 13 17:47:28 fuzzer-VirtualBox augenrules[320]: backlog_limit 8192
جنوری 13 17:47:28 fuzzer-VirtualBox augenrules[320]: lost 0
جنوری 13 17:47:28 fuzzer-VirtualBox augenrules[320]: backlog 0
جنوری 13 17:47:28 fuzzer-VirtualBox augenrules[320]: backlog_wait_time 0
جنوری 13 17:47:27 fuzzer-VirtualBox systemd[1]: Started Security Auditing Service.
جنوری 13 17:56:22 fuzzer-VirtualBox auditd[305]: Audit daemon has no space left on logging partition
جنوری 13 17:56:22 fuzzer-VirtualBox auditd[305]: Audit daemon is suspending logging due to no space left on logging partition.
========================dmesg==============================================
[ 3051.500996] blk_update_request: I/O error, dev loop0, sector 0 op 0x1:(WRITE) flags 0x800 phys_seg 0 prio class 0
[ 3068.450544] EXT4-fs (sda5): re-mounted. Opts: (null)
[ 3068.494535] EXT4-fs (sda5): re-mounted. Opts: (null)
[ 3068.618808] EXT4-fs (sda5): re-mounted. Opts: (null)
[ 3068.716520] EXT4-fs (sda5): re-mounted. Opts: (null)
[ 3068.815695] EXT4-fs (sda5): re-mounted. Opts: (null)
[ 3068.944537] Process accounting resumed
[ 3070.470772] mqueue: Unknown parameter '&@\x81'
[ 3070.486298] mqueue: Unknown parameter '&@\x81'
[ 3078.545742] blk_update_request: I/O error, dev loop0, sector 2 op 0x0:(READ) flags 0x1000 phys_seg 1 prio class 0
[ 3078.561751] EXT4-fs (loop0): unable to read superblock
[ 3078.574941] blk_update_request: I/O error, dev loop0, sector 2 op 0x0:(READ) flags 0x1000 phys_seg 1 prio class 0
[ 3078.589847] EXT4-fs (loop0): unable to read superblock

------------------------------------------------------------------------------------------------

18:42:01 13/01/21

========================auditctl -s==============================================
enabled 1
failure 1
pid 305
rate_limit 0
backlog_limit 8192
lost 0
backlog 0
backlog_wait_time 0
loginuid_immutable 0 unlocked
========================audit status==============================================
● auditd.service - Security Auditing Service
     Loaded: loaded (/lib/systemd/system/auditd.service; enabled; vendor preset: enabled)
     Active: active (running) since Wed 2021-01-13 17:47:27 PKT; 54min ago
       Docs: man:auditd(8)
             https://github.com/linux-audit/audit-documentation
    Process: 303 ExecStart=/sbin/auditd (code=exited, status=0/SUCCESS)
    Process: 310 ExecStartPost=/sbin/augenrules --load (code=exited, status=0/SUCCESS)
   Main PID: 305 (auditd)
     CGroup: /system.slice/auditd.service
             └─305 /sbin/auditd

جنوری 13 17:47:28 fuzzer-VirtualBox augenrules[320]: failure 1
جنوری 13 17:47:28 fuzzer-VirtualBox augenrules[320]: pid 305
جنوری 13 17:47:28 fuzzer-VirtualBox augenrules[320]: rate_limit 0
جنوری 13 17:47:28 fuzzer-VirtualBox augenrules[320]: backlog_limit 8192
جنوری 13 17:47:28 fuzzer-VirtualBox augenrules[320]: lost 0
جنوری 13 17:47:28 fuzzer-VirtualBox augenrules[320]: backlog 0
جنوری 13 17:47:28 fuzzer-VirtualBox augenrules[320]: backlog_wait_time 0
جنوری 13 17:47:27 fuzzer-VirtualBox systemd[1]: Started Security Auditing Service.
جنوری 13 17:56:22 fuzzer-VirtualBox auditd[305]: Audit daemon has no space left on logging partition
جنوری 13 17:56:22 fuzzer-VirtualBox auditd[305]: Audit daemon is suspending logging due to no space left on logging partition.
========================dmesg==============================================
[ 3275.886291] cgroup: Unknown subsys name '$'

------------------------------------------------------------------------------------------------

18:44:01 13/01/21

========================auditctl -s==============================================
enabled 1
failure 1
pid 305
rate_limit 0
backlog_limit 8192
lost 0
backlog 0
backlog_wait_time 0
loginuid_immutable 0 unlocked
========================audit status==============================================
● auditd.service - Security Auditing Service
     Loaded: loaded (/lib/systemd/system/auditd.service; enabled; vendor preset: enabled)
     Active: active (running) since Wed 2021-01-13 17:47:27 PKT; 56min ago
       Docs: man:auditd(8)
             https://github.com/linux-audit/audit-documentation
    Process: 303 ExecStart=/sbin/auditd (code=exited, status=0/SUCCESS)
    Process: 310 ExecStartPost=/sbin/augenrules --load (code=exited, status=0/SUCCESS)
   Main PID: 305 (auditd)
     CGroup: /system.slice/auditd.service
             └─305 /sbin/auditd

جنوری 13 17:47:28 fuzzer-VirtualBox augenrules[320]: failure 1
جنوری 13 17:47:28 fuzzer-VirtualBox augenrules[320]: pid 305
جنوری 13 17:47:28 fuzzer-VirtualBox augenrules[320]: rate_limit 0
جنوری 13 17:47:28 fuzzer-VirtualBox augenrules[320]: backlog_limit 8192
جنوری 13 17:47:28 fuzzer-VirtualBox augenrules[320]: lost 0
جنوری 13 17:47:28 fuzzer-VirtualBox augenrules[320]: backlog 0
جنوری 13 17:47:28 fuzzer-VirtualBox augenrules[320]: backlog_wait_time 0
جنوری 13 17:47:27 fuzzer-VirtualBox systemd[1]: Started Security Auditing Service.
جنوری 13 17:56:22 fuzzer-VirtualBox auditd[305]: Audit daemon has no space left on logging partition
جنوری 13 17:56:22 fuzzer-VirtualBox auditd[305]: Audit daemon is suspending logging due to no space left on logging partition.
========================dmesg==============================================

------------------------------------------------------------------------------------------------

18:46:01 13/01/21

========================auditctl -s==============================================
enabled 1
failure 1
pid 305
rate_limit 0
backlog_limit 8192
lost 0
backlog 0
backlog_wait_time 0
loginuid_immutable 0 unlocked
========================audit status==============================================
● auditd.service - Security Auditing Service
     Loaded: loaded (/lib/systemd/system/auditd.service; enabled; vendor preset: enabled)
     Active: active (running) since Wed 2021-01-13 17:47:27 PKT; 58min ago
       Docs: man:auditd(8)
             https://github.com/linux-audit/audit-documentation
    Process: 303 ExecStart=/sbin/auditd (code=exited, status=0/SUCCESS)
    Process: 310 ExecStartPost=/sbin/augenrules --load (code=exited, status=0/SUCCESS)
   Main PID: 305 (auditd)
     CGroup: /system.slice/auditd.service
             └─305 /sbin/auditd

جنوری 13 17:47:28 fuzzer-VirtualBox augenrules[320]: failure 1
جنوری 13 17:47:28 fuzzer-VirtualBox augenrules[320]: pid 305
جنوری 13 17:47:28 fuzzer-VirtualBox augenrules[320]: rate_limit 0
جنوری 13 17:47:28 fuzzer-VirtualBox augenrules[320]: backlog_limit 8192
جنوری 13 17:47:28 fuzzer-VirtualBox augenrules[320]: lost 0
جنوری 13 17:47:28 fuzzer-VirtualBox augenrules[320]: backlog 0
جنوری 13 17:47:28 fuzzer-VirtualBox augenrules[320]: backlog_wait_time 0
جنوری 13 17:47:27 fuzzer-VirtualBox systemd[1]: Started Security Auditing Service.
